2022-03-10 10:49:33,538 - INFO - app.py - welcome - 48 - Login Page Open
2022-03-10 10:49:43,987 - INFO - app.py - welcome - 48 - Login Page Open
2022-03-10 10:49:44,012 - INFO - app.py - welcome - 60 - Main Page Open
2022-03-10 10:49:44,018 - INFO - app.py - main_page - 97 - Main Page Start
2022-03-10 10:51:21,222 - INFO - app.py - welcome - 48 - Program Start
2022-03-10 10:51:27,507 - INFO - app.py - welcome - 48 - Program Start
2022-03-10 10:51:27,530 - INFO - app.py - welcome - 64 - Login Page Reload
2022-03-10 10:51:27,537 - INFO - app.py - welcome - 48 - Program Start
2022-03-10 10:51:39,926 - INFO - app.py - welcome - 48 - Program Start
2022-03-10 10:51:39,928 - INFO - app.py - welcome - 60 - Main Page Open
2022-03-10 10:51:39,936 - INFO - app.py - main_page - 97 - Main Page Start
2022-03-10 10:55:17,921 - INFO - app.py - welcome - 48 - Login Page Loaded
2022-03-10 10:55:47,212 - INFO - app.py - welcome - 48 - Login Page Loaded
2022-03-10 10:55:47,217 - INFO - app.py - welcome - 64 - Login Page Reload Start
2022-03-10 10:55:47,222 - INFO - app.py - welcome - 48 - Login Page Loaded
2022-03-10 10:56:58,517 - INFO - app.py - welcome - 48 - Login Page Loaded
2022-03-10 10:56:58,519 - INFO - app.py - welcome - 64 - Login Page Reload Start
2022-03-10 10:56:58,525 - INFO - app.py - welcome - 48 - Login Page Loaded
2022-03-10 10:58:19,169 - INFO - app.py - welcome - 48 - Login Page Loaded
2022-03-10 10:58:37,976 - INFO - app.py - welcome - 48 - Login Page Loaded
2022-03-10 10:58:45,890 - INFO - app.py - welcome - 48 - Login Page Loaded
2022-03-10 10:58:45,892 - INFO - app.py - welcome - 64 - Login Page Reload Start
2022-03-10 10:58:45,898 - INFO - app.py - welcome - 48 - Login Page Loaded
2022-03-10 10:59:04,113 - INFO - app.py - welcome - 48 - Login Page Loaded
2022-03-10 10:59:04,116 - INFO - app.py - welcome - 64 - Login Page Reload Start
2022-03-10 10:59:04,125 - INFO - app.py - welcome - 48 - Login Page Loaded
2022-03-10 11:00:33,255 - INFO - app.py - welcome - 48 - Login Page Loaded
2022-03-10 11:00:33,256 - INFO - app.py - welcome - 66 - test1111111
2022-03-10 11:00:46,764 - INFO - app.py - welcome - 48 - Login Page Loaded
2022-03-10 11:00:46,789 - INFO - app.py - welcome - 64 - Login Page Reload Start
2022-03-10 11:00:46,796 - INFO - app.py - welcome - 48 - Login Page Loaded
2022-03-10 11:00:46,796 - INFO - app.py - welcome - 66 - test1111111
2022-03-10 11:01:30,960 - INFO - app.py - welcome - 48 - Login Page Loaded
2022-03-10 11:01:30,962 - INFO - app.py - welcome - 60 - Main Page Open Start
2022-03-10 11:01:30,968 - INFO - app.py - main_page - 98 - Main Page Loaded
2022-03-10 11:02:18,775 - INFO - app.py - welcome - 48 - Login Page Loaded
2022-03-10 11:02:18,775 - INFO - app.py - welcome - 66 - test1111111
2022-03-10 11:02:34,102 - INFO - app.py - welcome - 48 - Login Page Loaded
2022-03-10 11:02:34,104 - INFO - app.py - welcome - 60 - Main Page Open Start
2022-03-10 11:02:34,110 - INFO - app.py - main_page - 98 - Main Page Loaded
2022-03-10 11:21:30,755 - INFO - app.py - welcome - 48 - Login Page Loaded
2022-03-10 11:21:30,756 - INFO - app.py - welcome - 66 - test1111111
2022-03-10 11:25:53,682 - INFO - app.py - welcome - 48 - Login Page Loaded
2022-03-10 11:25:53,682 - INFO - app.py - welcome - 66 - test1111111
2022-03-10 11:26:01,373 - INFO - app.py - welcome - 48 - Login Page Loaded
2022-03-10 11:26:01,373 - INFO - app.py - welcome - 66 - test1111111
2022-03-10 11:27:01,448 - INFO - app.py - welcome - 48 - Login Page Loaded
2022-03-10 11:27:01,448 - INFO - app.py - welcome - 66 - test1111111
2022-03-10 11:27:02,806 - INFO - app.py - welcome - 48 - Login Page Loaded
2022-03-10 11:27:02,807 - INFO - app.py - welcome - 66 - test1111111
2022-03-10 11:27:03,991 - INFO - app.py - welcome - 48 - Login Page Loaded
2022-03-10 11:27:03,991 - INFO - app.py - welcome - 66 - test1111111
2022-03-10 11:27:46,751 - INFO - app.py - welcome - 48 - Login Page Loaded
2022-03-10 11:27:46,751 - INFO - app.py - welcome - 66 - test1111111
2022-03-10 13:18:54,322 - INFO - app.py - welcome - 48 - Login Page Loaded
2022-03-10 13:18:54,323 - INFO - app.py - welcome - 66 - test1111111
2022-03-10 13:18:59,239 - INFO - app.py - welcome - 48 - Login Page Loaded
2022-03-10 13:18:59,239 - INFO - app.py - welcome - 66 - test1111111
2022-03-10 13:19:02,069 - INFO - app.py - welcome - 48 - Login Page Loaded
2022-03-10 13:19:02,070 - INFO - app.py - welcome - 66 - test1111111
2022-03-10 13:19:03,636 - INFO - app.py - welcome - 48 - Login Page Loaded
2022-03-10 13:19:03,637 - INFO - app.py - welcome - 66 - test1111111
2022-03-10 13:19:05,420 - INFO - app.py - welcome - 48 - Login Page Loaded
2022-03-10 13:19:05,422 - INFO - app.py - welcome - 66 - test1111111
2022-03-10 13:19:06,750 - INFO - app.py - welcome - 48 - Login Page Loaded
2022-03-10 13:19:06,750 - INFO - app.py - welcome - 66 - test1111111
2022-03-10 13:19:08,317 - INFO - app.py - welcome - 48 - Login Page Loaded
2022-03-10 13:19:08,317 - INFO - app.py - welcome - 66 - test1111111
2022-03-10 13:19:10,103 - INFO - app.py - welcome - 48 - Login Page Loaded
2022-03-10 13:19:10,103 - INFO - app.py - welcome - 66 - test1111111
2022-03-10 13:19:12,269 - INFO - app.py - welcome - 48 - Login Page Loaded
2022-03-10 13:19:12,270 - INFO - app.py - welcome - 66 - test1111111
2022-03-10 13:19:14,034 - INFO - app.py - welcome - 48 - Login Page Loaded
2022-03-10 13:19:14,035 - INFO - app.py - welcome - 66 - test1111111
2022-03-10 13:19:15,365 - INFO - app.py - welcome - 48 - Login Page Loaded
2022-03-10 13:19:15,366 - INFO - app.py - welcome - 66 - test1111111
2022-03-10 13:19:17,044 - INFO - app.py - welcome - 48 - Login Page Loaded
2022-03-10 13:19:17,045 - INFO - app.py - welcome - 66 - test1111111
2022-03-10 15:02:08,644 - INFO - app.py - welcome - 48 - Login Page Loaded
2022-03-10 15:02:08,645 - INFO - app.py - welcome - 66 - test1111111
2022-03-10 15:04:16,686 - INFO - app.py - welcome - 48 - Login Page Loaded
2022-03-10 15:04:16,686 - INFO - app.py - welcome - 66 - test1111111
2022-03-10 15:04:17,428 - INFO - app.py - welcome - 48 - Login Page Loaded
2022-03-10 15:04:17,428 - INFO - app.py - welcome - 66 - test1111111
2022-03-10 15:04:18,037 - INFO - app.py - welcome - 48 - Login Page Loaded
2022-03-10 15:04:18,038 - INFO - app.py - welcome - 66 - test1111111
2022-03-10 15:04:18,627 - INFO - app.py - welcome - 48 - Login Page Loaded
2022-03-10 15:04:18,627 - INFO - app.py - welcome - 66 - test1111111
2022-03-10 15:04:47,010 - INFO - app.py - welcome - 48 - Login Page Loaded
2022-03-10 15:04:47,010 - INFO - app.py - welcome - 66 - test1111111
2022-03-10 15:04:48,115 - INFO - app.py - welcome - 48 - Login Page Loaded
2022-03-10 15:04:48,116 - INFO - app.py - welcome - 66 - test1111111
2022-03-10 15:04:48,795 - INFO - app.py - welcome - 48 - Login Page Loaded
2022-03-10 15:04:48,795 - INFO - app.py - welcome - 66 - test1111111
2022-03-10 15:04:49,467 - INFO - app.py - welcome - 48 - Login Page Loaded
2022-03-10 15:04:49,467 - INFO - app.py - welcome - 66 - test1111111
2022-03-10 15:04:51,627 - INFO - app.py - welcome - 48 - Login Page Loaded
2022-03-10 15:04:51,628 - INFO - app.py - welcome - 66 - test1111111
2022-03-10 15:04:52,395 - INFO - app.py - welcome - 48 - Login Page Loaded
2022-03-10 15:04:52,395 - INFO - app.py - welcome - 66 - test1111111
2022-03-10 15:05:29,794 - INFO - app.py - welcome - 48 - Login Page Loaded
2022-03-10 15:05:29,794 - INFO - app.py - welcome - 66 - test1111111
2022-03-10 15:05:31,156 - INFO - app.py - welcome - 48 - Login Page Loaded
2022-03-10 15:05:31,157 - INFO - app.py - welcome - 66 - test1111111
2022-03-10 15:05:32,202 - INFO - app.py - welcome - 48 - Login Page Loaded
2022-03-10 15:05:32,203 - INFO - app.py - welcome - 66 - test1111111
2022-03-10 15:05:32,955 - INFO - app.py - welcome - 48 - Login Page Loaded
2022-03-10 15:05:32,955 - INFO - app.py - welcome - 66 - test1111111
2022-03-10 15:05:33,515 - INFO - app.py - welcome - 48 - Login Page Loaded
2022-03-10 15:05:33,515 - INFO - app.py - welcome - 66 - test1111111
2022-03-10 15:05:34,018 - INFO - app.py - welcome - 48 - Login Page Loaded
2022-03-10 15:05:34,019 - INFO - app.py - welcome - 66 - test1111111
2022-03-10 15:05:34,458 - INFO - app.py - welcome - 48 - Login Page Loaded
2022-03-10 15:05:34,459 - INFO - app.py - welcome - 66 - test1111111
2022-03-10 15:05:34,816 - INFO - app.py - welcome - 48 - Login Page Loaded
2022-03-10 15:05:34,817 - INFO - app.py - welcome - 66 - test1111111
2022-03-10 15:05:35,115 - INFO - app.py - welcome - 48 - Login Page Loaded
2022-03-10 15:05:35,115 - INFO - app.py - welcome - 66 - test1111111
2022-03-10 15:05:35,355 - INFO - app.py - welcome - 48 - Login Page Loaded
2022-03-10 15:05:35,355 - INFO - app.py - welcome - 66 - test1111111
2022-03-10 15:10:08,010 - INFO - app.py - welcome - 48 - Login Page Loaded
2022-03-10 15:10:08,011 - INFO - app.py - welcome - 66 - test1111111
2022-03-10 15:10:08,811 - INFO - app.py - welcome - 48 - Login Page Loaded
2022-03-10 15:10:08,812 - INFO - app.py - welcome - 66 - test1111111
2022-03-10 15:10:09,715 - INFO - app.py - welcome - 48 - Login Page Loaded
2022-03-10 15:10:09,715 - INFO - app.py - welcome - 66 - test1111111
2022-03-10 15:10:10,245 - INFO - app.py - welcome - 48 - Login Page Loaded
2022-03-10 15:10:10,247 - INFO - app.py - welcome - 66 - test1111111
2022-03-10 15:10:58,843 - INFO - app.py - welcome - 48 - Login Page Loaded
2022-03-10 15:10:58,843 - INFO - app.py - welcome - 66 - test1111111
2022-03-10 15:10:59,467 - INFO - app.py - welcome - 48 - Login Page Loaded
2022-03-10 15:10:59,467 - INFO - app.py - welcome - 66 - test1111111
2022-03-10 15:11:00,028 - INFO - app.py - welcome - 48 - Login Page Loaded
2022-03-10 15:11:00,028 - INFO - app.py - welcome - 66 - test1111111
2022-03-10 15:11:00,596 - INFO - app.py - welcome - 48 - Login Page Loaded
2022-03-10 15:11:00,597 - INFO - app.py - welcome - 66 - test1111111
2022-03-10 15:11:26,426 - INFO - app.py - welcome - 48 - Login Page Loaded
2022-03-10 15:11:26,427 - INFO - app.py - welcome - 66 - test1111111
2022-03-10 15:11:27,017 - INFO - app.py - welcome - 48 - Login Page Loaded
2022-03-10 15:11:27,018 - INFO - app.py - welcome - 66 - test1111111
2022-03-10 15:11:27,460 - INFO - app.py - welcome - 48 - Login Page Loaded
2022-03-10 15:11:27,461 - INFO - app.py - welcome - 66 - test1111111
2022-03-10 15:11:27,849 - INFO - app.py - welcome - 48 - Login Page Loaded
2022-03-10 15:11:27,850 - INFO - app.py - welcome - 66 - test1111111
2022-03-10 15:13:31,018 - INFO - app.py - welcome - 48 - Login Page Loaded
2022-03-10 15:13:31,018 - INFO - app.py - welcome - 66 - test1111111
2022-03-10 15:13:31,604 - INFO - app.py - welcome - 48 - Login Page Loaded
2022-03-10 15:13:31,605 - INFO - app.py - welcome - 66 - test1111111
2022-03-10 15:13:32,018 - INFO - app.py - welcome - 48 - Login Page Loaded
2022-03-10 15:13:32,019 - INFO - app.py - welcome - 66 - test1111111
2022-03-10 15:13:32,407 - INFO - app.py - welcome - 48 - Login Page Loaded
2022-03-10 15:13:32,408 - INFO - app.py - welcome - 66 - test1111111
2022-03-10 15:13:46,906 - INFO - app.py - welcome - 48 - Login Page Loaded
2022-03-10 15:13:46,906 - INFO - app.py - welcome - 66 - test1111111
2022-03-10 15:13:47,477 - INFO - app.py - welcome - 48 - Login Page Loaded
2022-03-10 15:13:47,478 - INFO - app.py - welcome - 66 - test1111111
2022-03-10 15:13:48,618 - INFO - app.py - welcome - 48 - Login Page Loaded
2022-03-10 15:13:48,618 - INFO - app.py - welcome - 66 - test1111111
2022-03-10 15:13:49,461 - INFO - app.py - welcome - 48 - Login Page Loaded
2022-03-10 15:13:49,462 - INFO - app.py - welcome - 66 - test1111111
2022-03-10 15:13:50,011 - INFO - app.py - welcome - 48 - Login Page Loaded
2022-03-10 15:13:50,012 - INFO - app.py - welcome - 66 - test1111111
2022-03-10 15:13:50,393 - INFO - app.py - welcome - 48 - Login Page Loaded
2022-03-10 15:13:50,393 - INFO - app.py - welcome - 66 - test1111111
2022-03-10 15:13:50,740 - INFO - app.py - welcome - 48 - Login Page Loaded
2022-03-10 15:13:50,741 - INFO - app.py - welcome - 66 - test1111111
2022-03-10 15:13:51,051 - INFO - app.py - welcome - 48 - Login Page Loaded
2022-03-10 15:13:51,052 - INFO - app.py - welcome - 66 - test1111111
2022-03-10 15:13:51,362 - INFO - app.py - welcome - 48 - Login Page Loaded
2022-03-10 15:13:51,363 - INFO - app.py - welcome - 66 - test1111111
2022-03-10 15:13:51,663 - INFO - app.py - welcome - 48 - Login Page Loaded
2022-03-10 15:13:51,664 - INFO - app.py - welcome - 66 - test1111111
2022-03-10 15:13:51,956 - INFO - app.py - welcome - 48 - Login Page Loaded
2022-03-10 15:13:51,957 - INFO - app.py - welcome - 66 - test1111111
2022-03-10 15:13:52,201 - INFO - app.py - welcome - 48 - Login Page Loaded
2022-03-10 15:13:52,202 - INFO - app.py - welcome - 66 - test1111111
2022-03-10 15:13:52,626 - INFO - app.py - welcome - 48 - Login Page Loaded
2022-03-10 15:13:52,626 - INFO - app.py - welcome - 66 - test1111111
2022-03-10 15:13:52,985 - INFO - app.py - welcome - 48 - Login Page Loaded
2022-03-10 15:13:52,985 - INFO - app.py - welcome - 66 - test1111111
2022-03-10 15:13:53,306 - INFO - app.py - welcome - 48 - Login Page Loaded
2022-03-10 15:13:53,306 - INFO - app.py - welcome - 66 - test1111111
2022-03-10 15:13:53,636 - INFO - app.py - welcome - 48 - Login Page Loaded
2022-03-10 15:13:53,636 - INFO - app.py - welcome - 66 - test1111111
2022-03-10 15:13:53,939 - INFO - app.py - welcome - 48 - Login Page Loaded
2022-03-10 15:13:53,939 - INFO - app.py - welcome - 66 - test1111111
2022-03-10 15:13:54,240 - INFO - app.py - welcome - 48 - Login Page Loaded
2022-03-10 15:13:54,241 - INFO - app.py - welcome - 66 - test1111111
2022-03-10 15:13:54,537 - INFO - app.py - welcome - 48 - Login Page Loaded
2022-03-10 15:13:54,537 - INFO - app.py - welcome - 66 - test1111111
2022-03-10 15:13:54,800 - INFO - app.py - welcome - 48 - Login Page Loaded
2022-03-10 15:13:54,800 - INFO - app.py - welcome - 66 - test1111111
2022-03-10 15:19:40,620 - INFO - app.py - welcome - 48 - Login Page Loaded
2022-03-10 15:19:40,620 - INFO - app.py - welcome - 66 - test1111111
2022-03-10 15:19:42,034 - INFO - app.py - welcome - 48 - Login Page Loaded
2022-03-10 15:19:42,034 - INFO - app.py - welcome - 66 - test1111111
2022-03-10 15:19:43,156 - INFO - app.py - welcome - 48 - Login Page Loaded
2022-03-10 15:19:43,157 - INFO - app.py - welcome - 66 - test1111111
2022-03-10 15:19:43,945 - INFO - app.py - welcome - 48 - Login Page Loaded
2022-03-10 15:19:43,945 - INFO - app.py - welcome - 66 - test1111111
2022-03-10 15:19:44,395 - INFO - app.py - welcome - 48 - Login Page Loaded
2022-03-10 15:19:44,395 - INFO - app.py - welcome - 66 - test1111111
2022-03-10 15:19:44,760 - INFO - app.py - welcome - 48 - Login Page Loaded
2022-03-10 15:19:44,761 - INFO - app.py - welcome - 66 - test1111111
2022-03-10 15:19:45,090 - INFO - app.py - welcome - 48 - Login Page Loaded
2022-03-10 15:19:45,091 - INFO - app.py - welcome - 66 - test1111111
2022-03-10 15:19:45,386 - INFO - app.py - welcome - 48 - Login Page Loaded
2022-03-10 15:19:45,386 - INFO - app.py - welcome - 66 - test1111111
2022-03-10 15:19:45,660 - INFO - app.py - welcome - 48 - Login Page Loaded
2022-03-10 15:19:45,660 - INFO - app.py - welcome - 66 - test1111111
2022-03-10 15:19:46,019 - INFO - app.py - welcome - 48 - Login Page Loaded
2022-03-10 15:19:46,020 - INFO - app.py - welcome - 66 - test1111111
2022-03-10 15:19:46,330 - INFO - app.py - welcome - 48 - Login Page Loaded
2022-03-10 15:19:46,330 - INFO - app.py - welcome - 66 - test1111111
2022-03-10 15:19:46,641 - INFO - app.py - welcome - 48 - Login Page Loaded
2022-03-10 15:19:46,641 - INFO - app.py - welcome - 66 - test1111111
2022-03-10 15:19:47,450 - INFO - app.py - welcome - 48 - Login Page Loaded
2022-03-10 15:19:47,450 - INFO - app.py - welcome - 66 - test1111111
2022-03-10 15:29:08,462 - INFO - app.py - welcome - 48 - Login Page Loaded
2022-03-10 15:29:08,463 - INFO - app.py - welcome - 66 - test1111111
2022-03-10 15:29:21,244 - INFO - app.py - welcome - 48 - Login Page Loaded
2022-03-10 15:29:21,244 - INFO - app.py - welcome - 66 - test1111111
2022-03-10 15:29:30,004 - INFO - app.py - welcome - 48 - Login Page Loaded
2022-03-10 15:29:30,004 - INFO - app.py - welcome - 66 - test1111111
2022-03-10 15:29:31,339 - INFO - app.py - welcome - 48 - Login Page Loaded
2022-03-10 15:29:31,339 - INFO - app.py - welcome - 66 - test1111111
2022-03-10 15:29:42,349 - INFO - app.py - welcome - 48 - Login Page Loaded
2022-03-10 15:29:42,349 - INFO - app.py - welcome - 66 - test1111111
2022-03-10 15:29:43,204 - INFO - app.py - welcome - 48 - Login Page Loaded
2022-03-10 15:29:43,204 - INFO - app.py - welcome - 66 - test1111111
2022-03-10 15:29:43,729 - INFO - app.py - welcome - 48 - Login Page Loaded
2022-03-10 15:29:43,730 - INFO - app.py - welcome - 66 - test1111111
2022-03-10 15:29:58,652 - INFO - app.py - welcome - 48 - Login Page Loaded
2022-03-10 15:29:58,652 - INFO - app.py - welcome - 66 - test1111111
2022-03-10 15:30:00,128 - INFO - app.py - welcome - 48 - Login Page Loaded
2022-03-10 15:30:00,129 - INFO - app.py - welcome - 66 - test1111111
2022-03-10 15:30:00,722 - INFO - app.py - welcome - 48 - Login Page Loaded
2022-03-10 15:30:00,723 - INFO - app.py - welcome - 66 - test1111111
2022-03-10 15:30:01,387 - INFO - app.py - welcome - 48 - Login Page Loaded
2022-03-10 15:30:01,388 - INFO - app.py - welcome - 66 - test1111111
2022-03-10 15:30:01,987 - INFO - app.py - welcome - 48 - Login Page Loaded
2022-03-10 15:30:01,987 - INFO - app.py - welcome - 66 - test1111111
2022-03-10 15:30:02,635 - INFO - app.py - welcome - 48 - Login Page Loaded
2022-03-10 15:30:02,636 - INFO - app.py - welcome - 66 - test1111111
2022-03-10 15:30:03,268 - INFO - app.py - welcome - 48 - Login Page Loaded
2022-03-10 15:30:03,268 - INFO - app.py - welcome - 66 - test1111111
2022-03-10 15:30:03,842 - INFO - app.py - welcome - 48 - Login Page Loaded
2022-03-10 15:30:03,842 - INFO - app.py - welcome - 66 - test1111111
2022-03-10 15:30:04,491 - INFO - app.py - welcome - 48 - Login Page Loaded
2022-03-10 15:30:04,491 - INFO - app.py - welcome - 66 - test1111111
2022-03-10 15:30:05,044 - INFO - app.py - welcome - 48 - Login Page Loaded
2022-03-10 15:30:05,044 - INFO - app.py - welcome - 66 - test1111111
2022-03-10 15:30:05,987 - INFO - app.py - welcome - 48 - Login Page Loaded
2022-03-10 15:30:05,988 - INFO - app.py - welcome - 66 - test1111111
2022-03-10 15:30:53,454 - INFO - app.py - welcome - 48 - Login Page Loaded
2022-03-10 15:30:53,454 - INFO - app.py - welcome - 66 - test1111111
2022-03-10 15:31:04,282 - INFO - app.py - welcome - 48 - Login Page Loaded
2022-03-10 15:31:04,283 - INFO - app.py - welcome - 66 - test1111111
2022-03-10 15:31:14,048 - INFO - app.py - welcome - 48 - Login Page Loaded
2022-03-10 15:31:14,049 - INFO - app.py - welcome - 66 - test1111111
2022-03-10 15:31:25,378 - INFO - app.py - welcome - 48 - Login Page Loaded
2022-03-10 15:31:25,378 - INFO - app.py - welcome - 66 - test1111111
2022-03-10 15:31:35,103 - INFO - app.py - welcome - 48 - Login Page Loaded
2022-03-10 15:31:35,104 - INFO - app.py - welcome - 66 - test1111111
2022-03-10 15:32:01,304 - INFO - app.py - welcome - 48 - Login Page Loaded
2022-03-10 15:32:01,304 - INFO - app.py - welcome - 66 - test1111111
2022-03-10 15:32:25,998 - INFO - app.py - welcome - 48 - Login Page Loaded
2022-03-10 15:32:25,999 - INFO - app.py - welcome - 66 - test1111111
2022-03-10 15:32:34,610 - INFO - app.py - welcome - 48 - Login Page Loaded
2022-03-10 15:32:34,611 - INFO - app.py - welcome - 66 - test1111111
2022-03-10 15:32:42,313 - INFO - app.py - welcome - 48 - Login Page Loaded
2022-03-10 15:32:42,313 - INFO - app.py - welcome - 66 - test1111111
2022-03-10 15:44:53,414 - INFO - app.py - welcome - 49 - Login Page Loaded
2022-03-10 15:44:53,415 - INFO - app.py - welcome - 70 - test1111111
2022-03-10 15:45:01,278 - INFO - app.py - welcome - 49 - Login Page Loaded
2022-03-10 15:46:24,305 - INFO - app.py - welcome - 49 - Login Page Loaded
2022-03-10 15:46:24,306 - INFO - app.py - welcome - 70 - test1111111
2022-03-10 15:46:29,540 - INFO - app.py - welcome - 49 - Login Page Loaded
2022-03-10 15:46:29,545 - INFO - app.py - welcome - 62 - Main Page Open Start
2022-03-10 15:47:08,480 - INFO - app.py - welcome - 49 - Login Page Loaded
2022-03-10 15:47:08,481 - INFO - app.py - welcome - 71 - test1111111
2022-03-10 15:47:13,262 - INFO - app.py - welcome - 49 - Login Page Loaded
2022-03-10 15:47:13,291 - INFO - app.py - welcome - 62 - Main Page Open Start
2022-03-10 15:47:51,497 - INFO - app.py - welcome - 49 - Login Page Loaded
2022-03-10 15:47:51,499 - INFO - app.py - welcome - 71 - test1111111
2022-03-10 15:47:56,962 - INFO - app.py - welcome - 49 - Login Page Loaded
2022-03-10 15:47:56,987 - INFO - app.py - welcome - 62 - Main Page Open Start
2022-03-10 15:47:56,994 - INFO - app.py - main_page - 103 - Main Page Loaded
2022-03-10 15:49:28,580 - INFO - app.py - welcome - 49 - Login Page Loaded
2022-03-10 15:49:28,581 - INFO - app.py - welcome - 71 - test1111111
2022-03-10 15:49:34,243 - INFO - app.py - welcome - 49 - Login Page Loaded
2022-03-10 15:49:34,245 - INFO - app.py - welcome - 62 - Main Page Open Start
2022-03-10 15:49:34,252 - INFO - app.py - main_page - 103 - Main Page Loaded
2022-03-10 15:49:45,298 - INFO - app.py - welcome - 49 - Login Page Loaded
2022-03-10 15:49:45,299 - INFO - app.py - welcome - 71 - test1111111
2022-03-10 15:49:49,895 - INFO - app.py - welcome - 49 - Login Page Loaded
2022-03-10 15:49:49,898 - INFO - app.py - welcome - 62 - Main Page Open Start
2022-03-10 15:49:49,905 - INFO - app.py - main_page - 103 - Main Page Loaded
2022-03-10 15:50:44,074 - INFO - app.py - welcome - 49 - Login Page Loaded
2022-03-10 15:50:44,074 - INFO - app.py - welcome - 71 - test1111111
2022-03-10 15:50:46,339 - INFO - app.py - welcome - 49 - Login Page Loaded
2022-03-10 15:50:46,340 - INFO - app.py - welcome - 62 - Main Page Open Start
2022-03-10 15:50:46,347 - INFO - app.py - main_page - 103 - Main Page Loaded
2022-03-10 15:51:24,779 - INFO - app.py - welcome - 49 - Login Page Loaded
2022-03-10 15:51:24,783 - INFO - app.py - welcome - 71 - test1111111
2022-03-10 15:51:29,843 - INFO - app.py - welcome - 49 - Login Page Loaded
2022-03-10 15:51:29,857 - INFO - app.py - welcome - 62 - Main Page Open Start
2022-03-10 15:51:29,864 - INFO - app.py - main_page - 103 - Main Page Loaded
2022-03-10 15:53:13,532 - INFO - app.py - welcome - 49 - Login Page Loaded
2022-03-10 15:53:13,532 - INFO - app.py - welcome - 71 - test1111111
2022-03-10 15:53:16,012 - INFO - app.py - welcome - 49 - Login Page Loaded
2022-03-10 15:53:16,013 - INFO - app.py - welcome - 62 - Main Page Open Start
2022-03-10 15:53:16,020 - INFO - app.py - main_page - 103 - Main Page Loaded
2022-03-10 15:53:19,490 - INFO - app.py - welcome - 49 - Login Page Loaded
2022-03-10 15:53:19,490 - INFO - app.py - welcome - 71 - test1111111
2022-03-10 15:53:21,342 - INFO - app.py - welcome - 49 - Login Page Loaded
2022-03-10 15:53:21,344 - INFO - app.py - welcome - 62 - Main Page Open Start
2022-03-10 15:53:21,350 - INFO - app.py - main_page - 103 - Main Page Loaded
2022-03-10 15:53:23,290 - INFO - app.py - welcome - 49 - Login Page Loaded
2022-03-10 15:53:23,291 - INFO - app.py - welcome - 71 - test1111111
2022-03-10 15:53:26,212 - INFO - app.py - welcome - 49 - Login Page Loaded
2022-03-10 15:53:26,214 - INFO - app.py - welcome - 62 - Main Page Open Start
2022-03-10 15:53:26,223 - INFO - app.py - main_page - 103 - Main Page Loaded
2022-03-10 15:53:29,584 - INFO - app.py - welcome - 49 - Login Page Loaded
2022-03-10 15:53:29,585 - INFO - app.py - welcome - 71 - test1111111
2022-03-10 15:53:35,172 - INFO - app.py - welcome - 49 - Login Page Loaded
2022-03-10 15:53:35,174 - INFO - app.py - welcome - 62 - Main Page Open Start
2022-03-10 15:53:35,181 - INFO - app.py - main_page - 103 - Main Page Loaded
2022-03-10 15:53:42,938 - INFO - app.py - welcome - 49 - Login Page Loaded
2022-03-10 15:53:42,938 - INFO - app.py - welcome - 71 - test1111111
2022-03-10 15:53:46,780 - INFO - app.py - welcome - 49 - Login Page Loaded
2022-03-10 15:53:46,782 - INFO - app.py - welcome - 62 - Main Page Open Start
2022-03-10 15:53:46,789 - INFO - app.py - main_page - 103 - Main Page Loaded
2022-03-10 15:53:50,642 - INFO - app.py - welcome - 49 - Login Page Loaded
2022-03-10 15:53:50,643 - INFO - app.py - welcome - 71 - test1111111
2022-03-10 15:53:54,415 - INFO - app.py - welcome - 49 - Login Page Loaded
2022-03-10 15:54:03,947 - INFO - app.py - welcome - 49 - Login Page Loaded
2022-03-10 15:54:03,949 - INFO - app.py - welcome - 62 - Main Page Open Start
2022-03-10 15:54:03,957 - INFO - app.py - main_page - 103 - Main Page Loaded
2022-03-10 15:54:08,459 - INFO - app.py - welcome - 49 - Login Page Loaded
2022-03-10 15:54:08,459 - INFO - app.py - welcome - 71 - test1111111
2022-03-10 15:54:12,511 - INFO - app.py - welcome - 49 - Login Page Loaded
2022-03-10 15:54:12,513 - INFO - app.py - welcome - 62 - Main Page Open Start
2022-03-10 15:54:12,521 - INFO - app.py - main_page - 103 - Main Page Loaded
2022-03-10 15:54:14,875 - INFO - app.py - welcome - 49 - Login Page Loaded
2022-03-10 15:54:14,876 - INFO - app.py - welcome - 71 - test1111111
2022-03-10 15:54:18,324 - INFO - app.py - welcome - 49 - Login Page Loaded
2022-03-10 15:54:18,326 - INFO - app.py - welcome - 62 - Main Page Open Start
2022-03-10 15:54:18,332 - INFO - app.py - main_page - 103 - Main Page Loaded
2022-03-10 15:54:20,295 - INFO - app.py - welcome - 49 - Login Page Loaded
2022-03-10 15:54:20,296 - INFO - app.py - welcome - 71 - test1111111
2022-03-10 15:54:27,534 - INFO - app.py - welcome - 49 - Login Page Loaded
2022-03-10 15:54:27,536 - INFO - app.py - welcome - 62 - Main Page Open Start
2022-03-10 15:54:27,544 - INFO - app.py - main_page - 103 - Main Page Loaded
2022-03-10 15:54:31,236 - INFO - app.py - welcome - 49 - Login Page Loaded
2022-03-10 15:54:31,236 - INFO - app.py - welcome - 71 - test1111111
2022-03-10 15:54:37,499 - INFO - app.py - welcome - 49 - Login Page Loaded
2022-03-10 15:54:41,422 - INFO - app.py - welcome - 49 - Login Page Loaded
2022-03-10 15:54:41,424 - INFO - app.py - welcome - 62 - Main Page Open Start
2022-03-10 15:54:41,430 - INFO - app.py - main_page - 103 - Main Page Loaded
2022-03-10 15:54:44,705 - INFO - app.py - welcome - 49 - Login Page Loaded
2022-03-10 15:54:44,705 - INFO - app.py - welcome - 71 - test1111111
2022-03-10 15:54:47,884 - INFO - app.py - welcome - 49 - Login Page Loaded
2022-03-10 15:54:47,886 - INFO - app.py - welcome - 62 - Main Page Open Start
2022-03-10 15:54:47,893 - INFO - app.py - main_page - 103 - Main Page Loaded
2022-03-10 16:09:04,721 - INFO - app.py - welcome - 49 - Login Page Loaded
2022-03-10 16:09:04,725 - INFO - app.py - welcome - 71 - test1111111
2022-03-10 16:09:14,105 - INFO - app.py - welcome - 49 - Login Page Loaded
2022-03-10 16:09:14,105 - INFO - app.py - welcome - 71 - test1111111
2022-03-10 16:09:17,845 - INFO - app.py - welcome - 49 - Login Page Loaded
2022-03-10 16:09:17,845 - INFO - app.py - welcome - 71 - test1111111
2022-03-10 16:09:25,914 - INFO - app.py - welcome - 49 - Login Page Loaded
2022-03-10 16:09:25,915 - INFO - app.py - welcome - 71 - test1111111
2022-03-10 16:09:27,688 - INFO - app.py - welcome - 49 - Login Page Loaded
2022-03-10 16:09:27,689 - INFO - app.py - welcome - 71 - test1111111
2022-03-10 16:09:32,322 - INFO - app.py - welcome - 49 - Login Page Loaded
2022-03-10 16:09:32,323 - INFO - app.py - welcome - 71 - test1111111
2022-03-10 16:09:36,890 - INFO - app.py - welcome - 49 - Login Page Loaded
2022-03-10 16:09:36,891 - INFO - app.py - welcome - 71 - test1111111
2022-03-10 16:09:41,659 - INFO - app.py - welcome - 49 - Login Page Loaded
2022-03-10 16:09:41,659 - INFO - app.py - welcome - 71 - test1111111
2022-03-10 16:09:42,410 - INFO - app.py - welcome - 49 - Login Page Loaded
2022-03-10 16:09:42,410 - INFO - app.py - welcome - 71 - test1111111
2022-03-10 16:09:46,697 - INFO - app.py - welcome - 49 - Login Page Loaded
2022-03-10 16:09:46,697 - INFO - app.py - welcome - 71 - test1111111
2022-03-10 16:09:52,193 - INFO - app.py - welcome - 49 - Login Page Loaded
2022-03-10 16:09:52,194 - INFO - app.py - welcome - 71 - test1111111
2022-03-10 16:09:53,769 - INFO - app.py - welcome - 49 - Login Page Loaded
2022-03-10 16:09:53,770 - INFO - app.py - welcome - 71 - test1111111
2022-03-10 16:09:59,138 - INFO - app.py - welcome - 49 - Login Page Loaded
2022-03-10 16:09:59,138 - INFO - app.py - welcome - 71 - test1111111
2022-03-10 16:09:59,635 - INFO - app.py - welcome - 49 - Login Page Loaded
2022-03-10 16:09:59,635 - INFO - app.py - welcome - 71 - test1111111
2022-03-10 16:10:00,002 - INFO - app.py - welcome - 49 - Login Page Loaded
2022-03-10 16:10:00,003 - INFO - app.py - welcome - 71 - test1111111
2022-03-10 16:10:00,357 - INFO - app.py - welcome - 49 - Login Page Loaded
2022-03-10 16:10:00,358 - INFO - app.py - welcome - 71 - test1111111
2022-03-10 16:10:00,682 - INFO - app.py - welcome - 49 - Login Page Loaded
2022-03-10 16:10:00,682 - INFO - app.py - welcome - 71 - test1111111
2022-03-10 16:10:06,064 - INFO - app.py - welcome - 49 - Login Page Loaded
2022-03-10 16:10:06,065 - INFO - app.py - welcome - 71 - test1111111
2022-03-10 16:10:19,760 - INFO - app.py - welcome - 49 - Login Page Loaded
2022-03-10 16:10:19,760 - INFO - app.py - welcome - 71 - test1111111
2022-03-13 22:32:11,172 - INFO - app.py - welcome - 49 - Login Page Loaded
2022-03-13 22:32:11,175 - INFO - app.py - welcome - 71 - test1111111
2022-03-13 22:32:23,436 - INFO - app.py - welcome - 49 - Login Page Loaded
2022-03-13 22:32:23,437 - INFO - app.py - welcome - 71 - test1111111
2022-03-13 22:32:51,591 - INFO - app.py - welcome - 49 - Login Page Loaded
2022-03-13 22:32:51,592 - INFO - app.py - welcome - 71 - test1111111
2022-03-13 22:32:54,436 - INFO - app.py - welcome - 49 - Login Page Loaded
2022-03-13 22:32:54,437 - INFO - app.py - welcome - 71 - test1111111
2022-03-13 22:32:56,480 - INFO - app.py - welcome - 49 - Login Page Loaded
2022-03-13 22:32:56,481 - INFO - app.py - welcome - 71 - test1111111
2022-03-13 22:32:58,515 - INFO - app.py - welcome - 49 - Login Page Loaded
2022-03-13 22:32:58,515 - INFO - app.py - welcome - 71 - test1111111
2022-03-13 22:33:00,559 - INFO - app.py - welcome - 49 - Login Page Loaded
2022-03-13 22:33:00,559 - INFO - app.py - welcome - 71 - test1111111
2022-03-13 22:36:13,370 - INFO - app.py - welcome - 49 - Login Page Loaded
2022-03-13 22:36:13,371 - INFO - app.py - welcome - 71 - test1111111
2022-03-13 22:36:17,192 - INFO - app.py - welcome - 49 - Login Page Loaded
2022-03-13 22:36:17,194 - INFO - app.py - welcome - 71 - test1111111
2022-03-13 22:36:20,706 - INFO - app.py - welcome - 49 - Login Page Loaded
2022-03-13 22:36:20,718 - INFO - app.py - welcome - 71 - test1111111
2022-03-13 22:36:24,083 - INFO - app.py - welcome - 49 - Login Page Loaded
2022-03-13 22:36:24,083 - INFO - app.py - welcome - 71 - test1111111
2022-03-13 22:36:27,402 - INFO - app.py - welcome - 49 - Login Page Loaded
2022-03-13 22:36:27,403 - INFO - app.py - welcome - 71 - test1111111
2022-03-13 23:09:49,711 - INFO - app.py - welcome - 49 - Login Page Loaded
2022-03-13 23:09:49,717 - INFO - app.py - welcome - 71 - test1111111
2022-03-13 23:10:02,132 - INFO - app.py - welcome - 49 - Login Page Loaded
2022-03-13 23:10:02,133 - INFO - app.py - welcome - 71 - test1111111
2022-03-13 23:10:07,903 - INFO - app.py - welcome - 49 - Login Page Loaded
2022-03-13 23:10:07,903 - INFO - app.py - welcome - 71 - test1111111
2022-03-13 23:10:13,594 - INFO - app.py - welcome - 49 - Login Page Loaded
2022-03-13 23:10:13,595 - INFO - app.py - welcome - 71 - test1111111
2022-03-13 23:10:19,361 - INFO - app.py - welcome - 49 - Login Page Loaded
2022-03-13 23:10:19,362 - INFO - app.py - welcome - 71 - test1111111
2022-03-13 23:10:25,081 - INFO - app.py - welcome - 49 - Login Page Loaded
2022-03-13 23:10:25,082 - INFO - app.py - welcome - 71 - test1111111
2022-03-13 23:12:52,988 - INFO - app.py - welcome - 49 - Login Page Loaded
2022-03-13 23:12:52,989 - INFO - app.py - welcome - 71 - test1111111
2022-03-13 23:17:41,321 - INFO - app.py - welcome - 49 - Login Page Loaded
2022-03-13 23:17:41,322 - INFO - app.py - welcome - 71 - test1111111
2022-03-13 23:17:43,193 - INFO - app.py - welcome - 49 - Login Page Loaded
2022-03-13 23:17:43,226 - INFO - app.py - welcome - 62 - Main Page Open Start
2022-03-13 23:17:43,230 - INFO - app.py - main_page - 103 - Main Page Loaded
2022-03-13 23:17:46,350 - INFO - app.py - welcome - 49 - Login Page Loaded
2022-03-13 23:17:46,351 - INFO - app.py - welcome - 71 - test1111111
2022-03-13 23:17:47,669 - INFO - app.py - welcome - 49 - Login Page Loaded
2022-03-13 23:17:47,672 - INFO - app.py - welcome - 62 - Main Page Open Start
2022-03-13 23:17:47,677 - INFO - app.py - main_page - 103 - Main Page Loaded
2022-03-13 23:17:50,786 - INFO - app.py - welcome - 49 - Login Page Loaded
2022-03-13 23:17:50,787 - INFO - app.py - welcome - 71 - test1111111
2022-03-13 23:17:52,099 - INFO - app.py - welcome - 49 - Login Page Loaded
2022-03-13 23:17:52,101 - INFO - app.py - welcome - 62 - Main Page Open Start
2022-03-13 23:17:52,105 - INFO - app.py - main_page - 103 - Main Page Loaded
2022-03-13 23:17:55,213 - INFO - app.py - welcome - 49 - Login Page Loaded
2022-03-13 23:17:55,214 - INFO - app.py - welcome - 71 - test1111111
2022-03-13 23:17:56,514 - INFO - app.py - welcome - 49 - Login Page Loaded
2022-03-13 23:17:56,517 - INFO - app.py - welcome - 62 - Main Page Open Start
2022-03-13 23:17:56,522 - INFO - app.py - main_page - 103 - Main Page Loaded
2022-03-13 23:17:59,659 - INFO - app.py - welcome - 49 - Login Page Loaded
2022-03-13 23:17:59,660 - INFO - app.py - welcome - 71 - test1111111
2022-03-13 23:18:00,978 - INFO - app.py - welcome - 49 - Login Page Loaded
2022-03-13 23:18:00,980 - INFO - app.py - welcome - 62 - Main Page Open Start
2022-03-13 23:18:00,984 - INFO - app.py - main_page - 103 - Main Page Loaded
2022-03-13 23:19:01,597 - INFO - app.py - welcome - 49 - Login Page Loaded
2022-03-13 23:19:01,599 - INFO - app.py - welcome - 71 - test1111111
2022-03-13 23:19:03,499 - INFO - app.py - welcome - 49 - Login Page Loaded
2022-03-13 23:19:03,505 - INFO - app.py - welcome - 62 - Main Page Open Start
2022-03-13 23:19:03,509 - INFO - app.py - main_page - 103 - Main Page Loaded
2022-03-13 23:19:06,680 - INFO - app.py - welcome - 49 - Login Page Loaded
2022-03-13 23:19:06,682 - INFO - app.py - welcome - 71 - test1111111
2022-03-13 23:19:08,040 - INFO - app.py - welcome - 49 - Login Page Loaded
2022-03-13 23:19:08,042 - INFO - app.py - welcome - 62 - Main Page Open Start
2022-03-13 23:19:08,047 - INFO - app.py - main_page - 103 - Main Page Loaded
2022-03-13 23:19:11,149 - INFO - app.py - welcome - 49 - Login Page Loaded
2022-03-13 23:19:11,150 - INFO - app.py - welcome - 71 - test1111111
2022-03-13 23:19:12,474 - INFO - app.py - welcome - 49 - Login Page Loaded
2022-03-13 23:19:12,477 - INFO - app.py - welcome - 62 - Main Page Open Start
2022-03-13 23:19:12,482 - INFO - app.py - main_page - 103 - Main Page Loaded
2022-03-13 23:19:15,580 - INFO - app.py - welcome - 49 - Login Page Loaded
2022-03-13 23:19:15,582 - INFO - app.py - welcome - 71 - test1111111
2022-03-13 23:19:16,893 - INFO - app.py - welcome - 49 - Login Page Loaded
2022-03-13 23:19:16,895 - INFO - app.py - welcome - 62 - Main Page Open Start
2022-03-13 23:19:16,899 - INFO - app.py - main_page - 103 - Main Page Loaded
2022-03-13 23:19:20,028 - INFO - app.py - welcome - 49 - Login Page Loaded
2022-03-13 23:19:20,032 - INFO - app.py - welcome - 71 - test1111111
2022-03-13 23:19:21,385 - INFO - app.py - welcome - 49 - Login Page Loaded
2022-03-13 23:19:21,387 - INFO - app.py - welcome - 62 - Main Page Open Start
2022-03-13 23:19:21,392 - INFO - app.py - main_page - 103 - Main Page Loaded
2022-03-14 10:43:20,206 - INFO - app.py - welcome - 49 - Login Page Loaded
2022-03-14 10:43:20,208 - INFO - app.py - welcome - 71 - test1111111
2022-03-14 10:44:00,771 - INFO - app.py - welcome - 49 - Login Page Loaded
2022-03-14 10:44:00,772 - INFO - app.py - welcome - 71 - test1111111
2022-03-14 10:55:50,991 - INFO - app.py - welcome - 49 - Login Page Loaded
2022-03-14 10:55:50,993 - INFO - app.py - welcome - 71 - test1111111
2022-03-14 10:56:03,069 - INFO - app.py - welcome - 49 - Login Page Loaded
2022-03-14 10:56:03,069 - INFO - app.py - welcome - 71 - test1111111
2022-03-14 10:57:17,018 - INFO - app.py - welcome - 49 - Login Page Loaded
2022-03-14 10:57:17,019 - INFO - app.py - welcome - 71 - test1111111
2022-03-14 10:57:26,861 - INFO - app.py - welcome - 49 - Login Page Loaded
2022-03-14 10:57:26,862 - INFO - app.py - welcome - 71 - test1111111
2022-03-14 10:57:40,988 - INFO - app.py - welcome - 49 - Login Page Loaded
2022-03-14 10:57:40,988 - INFO - app.py - welcome - 71 - test1111111
2022-03-14 10:57:57,179 - INFO - app.py - welcome - 49 - Login Page Loaded
2022-03-14 10:57:57,180 - INFO - app.py - welcome - 71 - test1111111
2022-03-14 10:58:16,127 - INFO - app.py - welcome - 49 - Login Page Loaded
2022-03-14 10:58:16,127 - INFO - app.py - welcome - 71 - test1111111
2022-03-14 11:04:25,317 - INFO - app.py - welcome - 49 - Login Page Loaded
2022-03-14 11:04:25,318 - INFO - app.py - welcome - 71 - test1111111
2022-03-14 11:04:38,123 - INFO - app.py - welcome - 49 - Login Page Loaded
2022-03-14 11:04:38,124 - INFO - app.py - welcome - 71 - test1111111
2022-03-14 11:16:27,920 - INFO - app.py - welcome - 49 - Login Page Loaded
2022-03-14 11:16:27,920 - INFO - app.py - welcome - 71 - test1111111
2022-03-14 11:16:32,081 - INFO - app.py - welcome - 49 - Login Page Loaded
2022-03-14 11:16:32,082 - INFO - app.py - welcome - 71 - test1111111
2022-03-14 11:48:44,491 - INFO - app.py - welcome - 49 - Login Page Loaded
2022-03-14 11:48:44,492 - INFO - app.py - welcome - 71 - test1111111
2022-03-14 11:54:31,339 - INFO - app.py - welcome - 49 - Login Page Loaded
2022-03-14 11:54:31,340 - INFO - app.py - welcome - 71 - test1111111
2022-03-14 11:54:37,320 - INFO - app.py - welcome - 49 - Login Page Loaded
2022-03-14 11:54:37,320 - INFO - app.py - welcome - 71 - test1111111
2022-03-14 11:54:52,661 - INFO - app.py - welcome - 49 - Login Page Loaded
2022-03-14 11:54:52,662 - INFO - app.py - welcome - 71 - test1111111
2022-03-14 13:57:40,157 - INFO - app.py - welcome - 49 - Login Page Loaded
2022-03-14 13:57:40,159 - INFO - app.py - welcome - 71 - test1111111
2022-03-14 14:05:27,392 - INFO - app.py - welcome - 49 - Login Page Loaded
2022-03-14 14:05:27,393 - INFO - app.py - welcome - 71 - test1111111
2022-03-14 14:05:43,071 - INFO - app.py - welcome - 49 - Login Page Loaded
2022-03-14 14:05:43,073 - INFO - app.py - welcome - 71 - test1111111
2022-03-14 14:05:46,077 - INFO - app.py - welcome - 49 - Login Page Loaded
2022-03-14 14:05:46,078 - INFO - app.py - welcome - 71 - test1111111
2022-03-14 14:05:46,683 - INFO - app.py - welcome - 49 - Login Page Loaded
2022-03-14 14:05:46,683 - INFO - app.py - welcome - 71 - test1111111
2022-03-14 14:05:47,754 - INFO - app.py - welcome - 49 - Login Page Loaded
2022-03-14 14:05:47,755 - INFO - app.py - welcome - 71 - test1111111
2022-03-14 14:05:48,702 - INFO - app.py - welcome - 49 - Login Page Loaded
2022-03-14 14:05:48,703 - INFO - app.py - welcome - 71 - test1111111
2022-03-14 14:08:44,319 - INFO - app.py - welcome - 49 - Login Page Loaded
2022-03-14 14:08:44,320 - INFO - app.py - welcome - 71 - test1111111
2022-03-14 14:14:19,802 - INFO - app.py - welcome - 49 - Login Page Loaded
2022-03-14 14:14:19,803 - INFO - app.py - welcome - 74 - test1111111
2022-03-14 14:14:56,635 - INFO - app.py - welcome - 49 - Login Page Loaded
2022-03-14 14:27:20,058 - INFO - app.py - welcome - 49 - Login Page Loaded
2022-03-14 14:27:20,060 - INFO - app.py - welcome - 74 - test1111111
2022-03-14 14:27:22,011 - INFO - app.py - welcome - 49 - Login Page Loaded
2022-03-14 14:27:22,044 - INFO - app.py - welcome - 65 - Main Page Open Start
2022-03-14 14:27:22,047 - INFO - app.py - main_page - 106 - Main Page Loaded
2022-03-14 14:32:41,081 - INFO - app.py - welcome - 49 - Login Page Loaded
2022-03-14 14:32:41,083 - INFO - app.py - welcome - 74 - test1111111
2022-03-14 14:32:42,409 - INFO - app.py - welcome - 49 - Login Page Loaded
2022-03-14 14:32:42,411 - INFO - app.py - welcome - 65 - Main Page Open Start
2022-03-14 14:32:42,416 - INFO - app.py - main_page - 106 - Main Page Loaded
2022-03-14 14:33:26,335 - INFO - app.py - welcome - 49 - Login Page Loaded
2022-03-14 14:33:26,336 - INFO - app.py - welcome - 74 - test1111111
2022-03-14 14:33:28,324 - INFO - app.py - welcome - 49 - Login Page Loaded
2022-03-14 14:33:28,330 - INFO - app.py - welcome - 65 - Main Page Open Start
2022-03-14 14:33:28,333 - INFO - app.py - main_page - 106 - Main Page Loaded
2022-03-14 14:33:31,433 - INFO - app.py - welcome - 49 - Login Page Loaded
2022-03-14 14:33:31,434 - INFO - app.py - welcome - 74 - test1111111
2022-03-14 14:33:32,823 - INFO - app.py - welcome - 49 - Login Page Loaded
2022-03-14 14:33:32,825 - INFO - app.py - welcome - 65 - Main Page Open Start
2022-03-14 14:33:32,829 - INFO - app.py - main_page - 106 - Main Page Loaded
2022-03-14 14:33:36,045 - INFO - app.py - welcome - 49 - Login Page Loaded
2022-03-14 14:33:36,047 - INFO - app.py - welcome - 74 - test1111111
2022-03-14 14:33:37,387 - INFO - app.py - welcome - 49 - Login Page Loaded
2022-03-14 14:33:37,390 - INFO - app.py - welcome - 65 - Main Page Open Start
2022-03-14 14:33:37,394 - INFO - app.py - main_page - 106 - Main Page Loaded
2022-03-14 14:33:40,525 - INFO - app.py - welcome - 49 - Login Page Loaded
2022-03-14 14:33:40,526 - INFO - app.py - welcome - 74 - test1111111
2022-03-14 14:33:41,864 - INFO - app.py - welcome - 49 - Login Page Loaded
2022-03-14 14:33:41,866 - INFO - app.py - welcome - 65 - Main Page Open Start
2022-03-14 14:33:41,871 - INFO - app.py - main_page - 106 - Main Page Loaded
2022-03-14 14:33:45,010 - INFO - app.py - welcome - 49 - Login Page Loaded
2022-03-14 14:33:45,017 - INFO - app.py - welcome - 74 - test1111111
2022-03-14 14:33:46,414 - INFO - app.py - welcome - 49 - Login Page Loaded
2022-03-14 14:33:46,417 - INFO - app.py - welcome - 65 - Main Page Open Start
2022-03-14 14:33:46,422 - INFO - app.py - main_page - 106 - Main Page Loaded
2022-03-14 14:35:11,689 - INFO - app.py - welcome - 49 - Login Page Loaded
2022-03-14 14:35:11,690 - INFO - app.py - welcome - 74 - test1111111
2022-03-14 14:35:13,692 - INFO - app.py - welcome - 49 - Login Page Loaded
2022-03-14 14:35:13,712 - INFO - app.py - welcome - 65 - Main Page Open Start
2022-03-14 14:35:13,718 - INFO - app.py - main_page - 106 - Main Page Loaded
2022-03-14 14:43:21,226 - INFO - app.py - welcome - 49 - Login Page Loaded
2022-03-14 14:43:21,227 - INFO - app.py - welcome - 74 - test1111111
2022-03-14 14:43:22,598 - INFO - app.py - welcome - 49 - Login Page Loaded
2022-03-14 14:43:22,600 - INFO - app.py - welcome - 65 - Main Page Open Start
2022-03-14 14:43:22,605 - INFO - app.py - main_page - 106 - Main Page Loaded
2022-03-14 14:44:01,832 - INFO - app.py - welcome - 49 - Login Page Loaded
2022-03-14 14:44:01,832 - INFO - app.py - welcome - 74 - test1111111
2022-03-14 14:44:03,811 - INFO - app.py - welcome - 49 - Login Page Loaded
2022-03-14 14:44:03,816 - INFO - app.py - welcome - 65 - Main Page Open Start
2022-03-14 14:44:03,820 - INFO - app.py - main_page - 106 - Main Page Loaded
2022-03-14 14:44:06,926 - INFO - app.py - welcome - 49 - Login Page Loaded
2022-03-14 14:44:06,927 - INFO - app.py - welcome - 74 - test1111111
2022-03-14 14:44:08,308 - INFO - app.py - welcome - 49 - Login Page Loaded
2022-03-14 14:44:08,310 - INFO - app.py - welcome - 65 - Main Page Open Start
2022-03-14 14:44:08,314 - INFO - app.py - main_page - 106 - Main Page Loaded
2022-03-14 14:44:11,524 - INFO - app.py - welcome - 49 - Login Page Loaded
2022-03-14 14:44:11,524 - INFO - app.py - welcome - 74 - test1111111
2022-03-14 14:44:12,862 - INFO - app.py - welcome - 49 - Login Page Loaded
2022-03-14 14:44:12,864 - INFO - app.py - welcome - 65 - Main Page Open Start
2022-03-14 14:44:12,868 - INFO - app.py - main_page - 106 - Main Page Loaded
2022-03-14 14:44:16,019 - INFO - app.py - welcome - 49 - Login Page Loaded
2022-03-14 14:44:16,020 - INFO - app.py - welcome - 74 - test1111111
2022-03-14 14:44:17,391 - INFO - app.py - welcome - 49 - Login Page Loaded
2022-03-14 14:44:17,393 - INFO - app.py - welcome - 65 - Main Page Open Start
2022-03-14 14:44:17,397 - INFO - app.py - main_page - 106 - Main Page Loaded
2022-03-14 14:44:20,511 - INFO - app.py - welcome - 49 - Login Page Loaded
2022-03-14 14:44:20,512 - INFO - app.py - welcome - 74 - test1111111
2022-03-14 14:44:21,910 - INFO - app.py - welcome - 49 - Login Page Loaded
2022-03-14 14:44:21,913 - INFO - app.py - welcome - 65 - Main Page Open Start
2022-03-14 14:44:21,918 - INFO - app.py - main_page - 106 - Main Page Loaded
2022-03-14 14:45:23,445 - INFO - app.py - welcome - 49 - Login Page Loaded
2022-03-14 14:45:23,445 - INFO - app.py - welcome - 74 - test1111111
2022-03-14 14:45:25,645 - INFO - app.py - welcome - 49 - Login Page Loaded
2022-03-14 14:45:25,651 - INFO - app.py - welcome - 65 - Main Page Open Start
2022-03-14 14:45:25,655 - INFO - app.py - main_page - 106 - Main Page Loaded
2022-03-14 14:45:28,808 - INFO - app.py - welcome - 49 - Login Page Loaded
2022-03-14 14:45:28,810 - INFO - app.py - welcome - 74 - test1111111
2022-03-14 14:45:30,375 - INFO - app.py - welcome - 49 - Login Page Loaded
2022-03-14 14:45:30,377 - INFO - app.py - welcome - 65 - Main Page Open Start
2022-03-14 14:45:30,382 - INFO - app.py - main_page - 106 - Main Page Loaded
2022-03-14 14:45:33,555 - INFO - app.py - welcome - 49 - Login Page Loaded
2022-03-14 14:45:33,555 - INFO - app.py - welcome - 74 - test1111111
2022-03-14 14:45:34,955 - INFO - app.py - welcome - 49 - Login Page Loaded
2022-03-14 14:45:34,956 - INFO - app.py - welcome - 65 - Main Page Open Start
2022-03-14 14:45:34,961 - INFO - app.py - main_page - 106 - Main Page Loaded
2022-03-14 14:45:38,105 - INFO - app.py - welcome - 49 - Login Page Loaded
2022-03-14 14:45:38,105 - INFO - app.py - welcome - 74 - test1111111
2022-03-14 14:45:39,487 - INFO - app.py - welcome - 49 - Login Page Loaded
2022-03-14 14:45:39,489 - INFO - app.py - welcome - 65 - Main Page Open Start
2022-03-14 14:45:39,493 - INFO - app.py - main_page - 106 - Main Page Loaded
2022-03-14 14:45:42,630 - INFO - app.py - welcome - 49 - Login Page Loaded
2022-03-14 14:45:42,631 - INFO - app.py - welcome - 74 - test1111111
2022-03-14 14:45:43,995 - INFO - app.py - welcome - 49 - Login Page Loaded
2022-03-14 14:45:43,997 - INFO - app.py - welcome - 65 - Main Page Open Start
2022-03-14 14:45:44,003 - INFO - app.py - main_page - 106 - Main Page Loaded
2022-03-14 14:52:52,516 - INFO - app.py - welcome - 49 - Login Page Loaded
2022-03-14 14:52:52,517 - INFO - app.py - welcome - 74 - test1111111
2022-03-14 14:53:02,537 - INFO - app.py - welcome - 49 - Login Page Loaded
2022-03-14 14:53:02,538 - INFO - app.py - welcome - 74 - test1111111
2022-03-14 14:53:07,351 - INFO - app.py - welcome - 49 - Login Page Loaded
2022-03-14 14:53:07,373 - INFO - app.py - welcome - 65 - Main Page Open Start
2022-03-14 14:53:07,379 - INFO - app.py - main_page - 106 - Main Page Loaded
2022-03-14 14:53:26,491 - INFO - app.py - welcome - 49 - Login Page Loaded
2022-03-14 14:53:26,492 - INFO - app.py - welcome - 74 - test1111111
2022-03-14 14:53:31,254 - INFO - app.py - welcome - 49 - Login Page Loaded
2022-03-14 14:53:31,260 - INFO - app.py - welcome - 65 - Main Page Open Start
2022-03-14 14:53:31,266 - INFO - app.py - main_page - 106 - Main Page Loaded
2022-03-14 14:53:39,546 - INFO - app.py - welcome - 49 - Login Page Loaded
2022-03-14 14:53:39,546 - INFO - app.py - welcome - 74 - test1111111
2022-03-14 14:53:45,709 - INFO - app.py - welcome - 49 - Login Page Loaded
2022-03-14 14:53:45,711 - INFO - app.py - welcome - 65 - Main Page Open Start
2022-03-14 14:53:45,718 - INFO - app.py - main_page - 106 - Main Page Loaded
2022-03-14 15:00:49,402 - INFO - app.py - welcome - 50 - Login Page Loaded
2022-03-14 15:00:49,403 - INFO - app.py - welcome - 79 - test1111111
2022-03-14 15:00:53,633 - INFO - app.py - welcome - 50 - Login Page Loaded
2022-03-14 15:00:53,661 - INFO - app.py - welcome - 66 - Main Page Open Start
2022-03-14 15:00:53,668 - INFO - app.py - main_page - 111 - Main Page Loaded
2022-03-14 15:11:52,963 - INFO - app.py - welcome - 50 - Login Page Loaded
2022-03-14 15:11:52,965 - INFO - app.py - welcome - 80 - test1111111
2022-03-14 15:11:56,531 - INFO - app.py - welcome - 50 - Login Page Loaded
2022-03-14 15:11:56,549 - INFO - app.py - welcome - 66 - Main Page Open Start
2022-03-14 15:11:56,557 - INFO - app.py - main_page - 112 - Main Page Loaded
2022-03-14 15:12:29,024 - INFO - app.py - welcome - 50 - Login Page Loaded
2022-03-14 15:12:29,026 - INFO - app.py - welcome - 80 - test1111111
2022-03-14 15:12:33,357 - INFO - app.py - welcome - 50 - Login Page Loaded
2022-03-14 15:12:33,362 - INFO - app.py - welcome - 66 - Main Page Open Start
2022-03-14 15:12:33,369 - INFO - app.py - main_page - 112 - Main Page Loaded
2022-03-14 15:13:22,005 - INFO - app.py - welcome - 50 - Login Page Loaded
2022-03-14 15:13:22,007 - INFO - app.py - welcome - 81 - test1111111
2022-03-14 15:13:25,788 - INFO - app.py - welcome - 50 - Login Page Loaded
2022-03-14 15:13:25,793 - INFO - app.py - welcome - 66 - Main Page Open Start
2022-03-14 15:13:25,800 - INFO - app.py - main_page - 113 - Main Page Loaded
2022-03-14 15:23:13,606 - INFO - app.py - welcome - 50 - Login Page Loaded
2022-03-14 15:23:13,608 - INFO - app.py - welcome - 81 - test1111111
2022-03-14 15:25:49,901 - INFO - app.py - welcome - 50 - Login Page Loaded
2022-03-14 15:25:49,905 - INFO - app.py - welcome - 81 - test1111111
2022-03-14 15:25:51,892 - INFO - app.py - welcome - 50 - Login Page Loaded
2022-03-14 15:25:51,898 - INFO - app.py - welcome - 66 - Main Page Open Start
2022-03-14 15:25:51,904 - INFO - app.py - main_page - 113 - Main Page Loaded
2022-03-14 15:25:55,064 - INFO - app.py - welcome - 50 - Login Page Loaded
2022-03-14 15:25:55,065 - INFO - app.py - welcome - 81 - test1111111
2022-03-14 15:25:56,446 - INFO - app.py - welcome - 50 - Login Page Loaded
2022-03-14 15:25:56,448 - INFO - app.py - welcome - 66 - Main Page Open Start
2022-03-14 15:25:56,454 - INFO - app.py - main_page - 113 - Main Page Loaded
2022-03-14 15:25:59,694 - INFO - app.py - welcome - 50 - Login Page Loaded
2022-03-14 15:25:59,694 - INFO - app.py - welcome - 81 - test1111111
2022-03-14 15:26:01,133 - INFO - app.py - welcome - 50 - Login Page Loaded
2022-03-14 15:26:01,136 - INFO - app.py - welcome - 66 - Main Page Open Start
2022-03-14 15:26:01,142 - INFO - app.py - main_page - 113 - Main Page Loaded
2022-03-14 15:26:04,374 - INFO - app.py - welcome - 50 - Login Page Loaded
2022-03-14 15:26:04,375 - INFO - app.py - welcome - 81 - test1111111
2022-03-14 15:26:05,821 - INFO - app.py - welcome - 50 - Login Page Loaded
2022-03-14 15:26:05,823 - INFO - app.py - welcome - 66 - Main Page Open Start
2022-03-14 15:26:05,828 - INFO - app.py - main_page - 113 - Main Page Loaded
2022-03-14 15:26:09,121 - INFO - app.py - welcome - 50 - Login Page Loaded
2022-03-14 15:26:09,121 - INFO - app.py - welcome - 81 - test1111111
2022-03-14 15:26:10,575 - INFO - app.py - welcome - 50 - Login Page Loaded
2022-03-14 15:26:10,577 - INFO - app.py - welcome - 66 - Main Page Open Start
2022-03-14 15:26:10,581 - INFO - app.py - main_page - 113 - Main Page Loaded
2022-03-14 15:35:05,513 - INFO - app.py - welcome - 50 - Login Page Loaded
2022-03-14 15:35:05,516 - INFO - app.py - welcome - 81 - test1111111
2022-03-14 15:35:07,729 - INFO - app.py - welcome - 50 - Login Page Loaded
2022-03-14 15:35:07,736 - INFO - app.py - welcome - 66 - Main Page Open Start
2022-03-14 15:35:07,741 - INFO - app.py - main_page - 113 - Main Page Loaded
2022-03-14 15:35:10,911 - INFO - app.py - welcome - 50 - Login Page Loaded
2022-03-14 15:35:10,913 - INFO - app.py - welcome - 81 - test1111111
2022-03-14 15:35:12,343 - INFO - app.py - welcome - 50 - Login Page Loaded
2022-03-14 15:35:12,345 - INFO - app.py - welcome - 66 - Main Page Open Start
2022-03-14 15:35:12,352 - INFO - app.py - main_page - 113 - Main Page Loaded
2022-03-14 15:35:15,543 - INFO - app.py - welcome - 50 - Login Page Loaded
2022-03-14 15:35:15,547 - INFO - app.py - welcome - 81 - test1111111
2022-03-14 15:35:16,992 - INFO - app.py - welcome - 50 - Login Page Loaded
2022-03-14 15:35:16,994 - INFO - app.py - welcome - 66 - Main Page Open Start
2022-03-14 15:35:17,003 - INFO - app.py - main_page - 113 - Main Page Loaded
2022-03-14 15:35:20,291 - INFO - app.py - welcome - 50 - Login Page Loaded
2022-03-14 15:35:20,292 - INFO - app.py - welcome - 81 - test1111111
2022-03-14 15:35:21,802 - INFO - app.py - welcome - 50 - Login Page Loaded
2022-03-14 15:35:21,805 - INFO - app.py - welcome - 66 - Main Page Open Start
2022-03-14 15:35:21,812 - INFO - app.py - main_page - 113 - Main Page Loaded
2022-03-14 15:35:25,243 - INFO - app.py - welcome - 50 - Login Page Loaded
2022-03-14 15:35:25,244 - INFO - app.py - welcome - 81 - test1111111
2022-03-14 15:35:26,766 - INFO - app.py - welcome - 50 - Login Page Loaded
2022-03-14 15:35:26,769 - INFO - app.py - welcome - 66 - Main Page Open Start
2022-03-14 15:35:26,775 - INFO - app.py - main_page - 113 - Main Page Loaded
2022-03-14 15:40:30,060 - INFO - app.py - welcome - 50 - Login Page Loaded
2022-03-14 15:40:30,060 - INFO - app.py - welcome - 81 - test1111111
2022-03-14 15:40:32,207 - INFO - app.py - welcome - 50 - Login Page Loaded
2022-03-14 15:40:32,226 - INFO - app.py - welcome - 66 - Main Page Open Start
2022-03-14 15:40:32,232 - INFO - app.py - main_page - 113 - Main Page Loaded
2022-03-14 15:40:35,337 - INFO - app.py - welcome - 50 - Login Page Loaded
2022-03-14 15:40:35,338 - INFO - app.py - welcome - 81 - test1111111
2022-03-14 15:40:36,717 - INFO - app.py - welcome - 50 - Login Page Loaded
2022-03-14 15:40:36,719 - INFO - app.py - welcome - 66 - Main Page Open Start
2022-03-14 15:40:36,725 - INFO - app.py - main_page - 113 - Main Page Loaded
2022-03-14 15:40:39,861 - INFO - app.py - welcome - 50 - Login Page Loaded
2022-03-14 15:40:39,861 - INFO - app.py - welcome - 81 - test1111111
2022-03-14 15:40:41,239 - INFO - app.py - welcome - 50 - Login Page Loaded
2022-03-14 15:40:41,241 - INFO - app.py - welcome - 66 - Main Page Open Start
2022-03-14 15:40:41,246 - INFO - app.py - main_page - 113 - Main Page Loaded
2022-03-14 15:40:44,405 - INFO - app.py - welcome - 50 - Login Page Loaded
2022-03-14 15:40:44,406 - INFO - app.py - welcome - 81 - test1111111
2022-03-14 15:40:45,773 - INFO - app.py - welcome - 50 - Login Page Loaded
2022-03-14 15:40:45,775 - INFO - app.py - welcome - 66 - Main Page Open Start
2022-03-14 15:40:45,781 - INFO - app.py - main_page - 113 - Main Page Loaded
2022-03-14 15:40:48,934 - INFO - app.py - welcome - 50 - Login Page Loaded
2022-03-14 15:40:48,935 - INFO - app.py - welcome - 81 - test1111111
2022-03-14 15:40:50,326 - INFO - app.py - welcome - 50 - Login Page Loaded
2022-03-14 15:40:50,328 - INFO - app.py - welcome - 66 - Main Page Open Start
2022-03-14 15:40:50,334 - INFO - app.py - main_page - 113 - Main Page Loaded
2022-03-14 15:46:39,551 - INFO - app.py - welcome - 50 - Login Page Loaded
2022-03-14 15:46:39,553 - INFO - app.py - welcome - 81 - test1111111
2022-03-14 15:46:41,553 - INFO - app.py - welcome - 50 - Login Page Loaded
2022-03-14 15:46:41,560 - INFO - app.py - welcome - 66 - Main Page Open Start
2022-03-14 15:46:41,564 - INFO - app.py - main_page - 113 - Main Page Loaded
2022-03-14 15:46:44,744 - INFO - app.py - welcome - 50 - Login Page Loaded
2022-03-14 15:46:44,744 - INFO - app.py - welcome - 81 - test1111111
2022-03-14 15:46:46,158 - INFO - app.py - welcome - 50 - Login Page Loaded
2022-03-14 15:46:46,159 - INFO - app.py - welcome - 66 - Main Page Open Start
2022-03-14 15:46:46,164 - INFO - app.py - main_page - 113 - Main Page Loaded
2022-03-14 15:46:49,433 - INFO - app.py - welcome - 50 - Login Page Loaded
2022-03-14 15:46:49,433 - INFO - app.py - welcome - 81 - test1111111
2022-03-14 15:46:50,881 - INFO - app.py - welcome - 50 - Login Page Loaded
2022-03-14 15:46:50,883 - INFO - app.py - welcome - 66 - Main Page Open Start
2022-03-14 15:46:50,888 - INFO - app.py - main_page - 113 - Main Page Loaded
2022-03-14 15:46:54,192 - INFO - app.py - welcome - 50 - Login Page Loaded
2022-03-14 15:46:54,193 - INFO - app.py - welcome - 81 - test1111111
2022-03-14 15:46:55,642 - INFO - app.py - welcome - 50 - Login Page Loaded
2022-03-14 15:46:55,645 - INFO - app.py - welcome - 66 - Main Page Open Start
2022-03-14 15:46:55,651 - INFO - app.py - main_page - 113 - Main Page Loaded
2022-03-14 15:46:58,894 - INFO - app.py - welcome - 50 - Login Page Loaded
2022-03-14 15:46:58,895 - INFO - app.py - welcome - 81 - test1111111
2022-03-14 15:47:00,364 - INFO - app.py - welcome - 50 - Login Page Loaded
2022-03-14 15:47:00,366 - INFO - app.py - welcome - 66 - Main Page Open Start
2022-03-14 15:47:00,372 - INFO - app.py - main_page - 113 - Main Page Loaded
2022-03-14 15:48:00,263 - INFO - app.py - welcome - 50 - Login Page Loaded
2022-03-14 15:48:00,268 - INFO - app.py - welcome - 81 - test1111111
2022-03-14 15:48:07,349 - INFO - app.py - welcome - 50 - Login Page Loaded
2022-03-14 15:48:07,349 - INFO - app.py - welcome - 81 - test1111111
2022-03-14 15:48:14,545 - INFO - app.py - welcome - 50 - Login Page Loaded
2022-03-14 15:48:25,378 - INFO - app.py - welcome - 50 - Login Page Loaded
2022-03-14 15:48:25,379 - INFO - app.py - welcome - 81 - test1111111
2022-03-14 15:48:30,328 - INFO - app.py - welcome - 50 - Login Page Loaded
2022-03-14 15:48:30,329 - INFO - app.py - welcome - 81 - test1111111
2022-03-14 15:48:36,082 - INFO - app.py - welcome - 50 - Login Page Loaded
2022-03-14 15:48:36,082 - INFO - app.py - welcome - 81 - test1111111
2022-03-14 15:48:42,394 - INFO - app.py - welcome - 50 - Login Page Loaded
2022-03-14 15:48:42,394 - INFO - app.py - welcome - 81 - test1111111
2022-03-14 15:52:50,477 - INFO - app.py - welcome - 50 - Login Page Loaded
2022-03-14 15:52:50,478 - INFO - app.py - welcome - 82 - test1111111
2022-03-14 15:52:52,445 - INFO - app.py - welcome - 50 - Login Page Loaded
2022-03-14 15:52:52,477 - INFO - app.py - welcome - 66 - Main Page Open Start
2022-03-14 15:52:52,481 - INFO - app.py - main_page - 114 - Main Page Loaded
2022-03-14 15:52:55,648 - INFO - app.py - welcome - 50 - Login Page Loaded
2022-03-14 15:52:55,649 - INFO - app.py - welcome - 82 - test1111111
2022-03-14 15:52:57,025 - INFO - app.py - welcome - 50 - Login Page Loaded
2022-03-14 15:52:57,028 - INFO - app.py - welcome - 66 - Main Page Open Start
2022-03-14 15:52:57,034 - INFO - app.py - main_page - 114 - Main Page Loaded
2022-03-14 15:53:00,171 - INFO - app.py - welcome - 50 - Login Page Loaded
2022-03-14 15:53:00,173 - INFO - app.py - welcome - 82 - test1111111
2022-03-14 15:53:01,559 - INFO - app.py - welcome - 50 - Login Page Loaded
2022-03-14 15:53:01,561 - INFO - app.py - welcome - 66 - Main Page Open Start
2022-03-14 15:53:01,567 - INFO - app.py - main_page - 114 - Main Page Loaded
2022-03-14 15:53:04,714 - INFO - app.py - welcome - 50 - Login Page Loaded
2022-03-14 15:53:04,714 - INFO - app.py - welcome - 82 - test1111111
2022-03-14 15:53:06,142 - INFO - app.py - welcome - 50 - Login Page Loaded
2022-03-14 15:53:06,145 - INFO - app.py - welcome - 66 - Main Page Open Start
2022-03-14 15:53:06,151 - INFO - app.py - main_page - 114 - Main Page Loaded
2022-03-14 15:53:09,301 - INFO - app.py - welcome - 50 - Login Page Loaded
2022-03-14 15:53:09,302 - INFO - app.py - welcome - 82 - test1111111
2022-03-14 15:53:10,664 - INFO - app.py - welcome - 50 - Login Page Loaded
2022-03-14 15:53:10,666 - INFO - app.py - welcome - 66 - Main Page Open Start
2022-03-14 15:53:10,672 - INFO - app.py - main_page - 114 - Main Page Loaded
2022-03-14 15:53:13,836 - INFO - app.py - welcome - 50 - Login Page Loaded
2022-03-14 15:53:13,837 - INFO - app.py - welcome - 82 - test1111111
2022-03-14 15:53:15,241 - INFO - app.py - welcome - 50 - Login Page Loaded
2022-03-14 15:53:15,242 - INFO - app.py - welcome - 66 - Main Page Open Start
2022-03-14 15:53:15,247 - INFO - app.py - main_page - 114 - Main Page Loaded
2022-03-14 15:53:18,469 - INFO - app.py - welcome - 50 - Login Page Loaded
2022-03-14 15:53:18,471 - INFO - app.py - welcome - 82 - test1111111
2022-03-14 15:53:19,937 - INFO - app.py - welcome - 50 - Login Page Loaded
2022-03-14 15:53:19,939 - INFO - app.py - welcome - 66 - Main Page Open Start
2022-03-14 15:53:19,945 - INFO - app.py - main_page - 114 - Main Page Loaded
2022-03-14 15:53:23,144 - INFO - app.py - welcome - 50 - Login Page Loaded
2022-03-14 15:53:23,145 - INFO - app.py - welcome - 82 - test1111111
2022-03-14 15:53:24,578 - INFO - app.py - welcome - 50 - Login Page Loaded
2022-03-14 15:53:24,580 - INFO - app.py - welcome - 66 - Main Page Open Start
2022-03-14 15:53:24,585 - INFO - app.py - main_page - 114 - Main Page Loaded
2022-03-14 15:53:27,847 - INFO - app.py - welcome - 50 - Login Page Loaded
2022-03-14 15:53:27,848 - INFO - app.py - welcome - 82 - test1111111
2022-03-14 15:53:29,310 - INFO - app.py - welcome - 50 - Login Page Loaded
2022-03-14 15:53:29,312 - INFO - app.py - welcome - 66 - Main Page Open Start
2022-03-14 15:53:29,317 - INFO - app.py - main_page - 114 - Main Page Loaded
2022-03-14 15:53:32,584 - INFO - app.py - welcome - 50 - Login Page Loaded
2022-03-14 15:53:32,585 - INFO - app.py - welcome - 82 - test1111111
2022-03-14 15:53:34,030 - INFO - app.py - welcome - 50 - Login Page Loaded
2022-03-14 15:53:34,032 - INFO - app.py - welcome - 66 - Main Page Open Start
2022-03-14 15:53:34,038 - INFO - app.py - main_page - 114 - Main Page Loaded
2022-03-14 16:27:50,776 - INFO - app.py - welcome - 50 - Login Page Loaded
2022-03-14 16:27:50,780 - INFO - app.py - welcome - 82 - test1111111
2022-03-14 16:27:53,012 - INFO - app.py - welcome - 50 - Login Page Loaded
2022-03-14 16:27:53,020 - INFO - app.py - welcome - 66 - Main Page Open Start
2022-03-14 16:27:53,029 - INFO - app.py - main_page - 114 - Main Page Loaded
2022-03-14 16:27:56,371 - INFO - app.py - welcome - 50 - Login Page Loaded
2022-03-14 16:27:56,375 - INFO - app.py - welcome - 82 - test1111111
2022-03-14 16:27:57,765 - INFO - app.py - welcome - 50 - Login Page Loaded
2022-03-14 16:27:57,767 - INFO - app.py - welcome - 66 - Main Page Open Start
2022-03-14 16:27:57,773 - INFO - app.py - main_page - 114 - Main Page Loaded
2022-03-14 16:28:00,995 - INFO - app.py - welcome - 50 - Login Page Loaded
2022-03-14 16:28:00,996 - INFO - app.py - welcome - 82 - test1111111
2022-03-14 16:28:02,474 - INFO - app.py - welcome - 50 - Login Page Loaded
2022-03-14 16:28:02,477 - INFO - app.py - welcome - 66 - Main Page Open Start
2022-03-14 16:28:02,482 - INFO - app.py - main_page - 114 - Main Page Loaded
2022-03-14 16:28:05,726 - INFO - app.py - welcome - 50 - Login Page Loaded
2022-03-14 16:28:05,727 - INFO - app.py - welcome - 82 - test1111111
2022-03-14 16:28:07,149 - INFO - app.py - welcome - 50 - Login Page Loaded
2022-03-14 16:28:07,151 - INFO - app.py - welcome - 66 - Main Page Open Start
2022-03-14 16:28:07,157 - INFO - app.py - main_page - 114 - Main Page Loaded
2022-03-14 16:28:10,379 - INFO - app.py - welcome - 50 - Login Page Loaded
2022-03-14 16:28:10,380 - INFO - app.py - welcome - 82 - test1111111
2022-03-14 16:28:11,815 - INFO - app.py - welcome - 50 - Login Page Loaded
2022-03-14 16:28:11,817 - INFO - app.py - welcome - 66 - Main Page Open Start
2022-03-14 16:28:11,822 - INFO - app.py - main_page - 114 - Main Page Loaded
2022-03-14 16:28:14,998 - INFO - app.py - welcome - 50 - Login Page Loaded
2022-03-14 16:28:14,998 - INFO - app.py - welcome - 82 - test1111111
2022-03-14 16:28:16,455 - INFO - app.py - welcome - 50 - Login Page Loaded
2022-03-14 16:28:16,457 - INFO - app.py - welcome - 66 - Main Page Open Start
2022-03-14 16:28:16,462 - INFO - app.py - main_page - 114 - Main Page Loaded
2022-03-14 16:28:19,661 - INFO - app.py - welcome - 50 - Login Page Loaded
2022-03-14 16:28:19,662 - INFO - app.py - welcome - 82 - test1111111
2022-03-14 16:28:21,091 - INFO - app.py - welcome - 50 - Login Page Loaded
2022-03-14 16:28:21,094 - INFO - app.py - welcome - 66 - Main Page Open Start
2022-03-14 16:28:21,100 - INFO - app.py - main_page - 114 - Main Page Loaded
2022-03-14 16:28:24,299 - INFO - app.py - welcome - 50 - Login Page Loaded
2022-03-14 16:28:24,300 - INFO - app.py - welcome - 82 - test1111111
2022-03-14 16:28:25,745 - INFO - app.py - welcome - 50 - Login Page Loaded
2022-03-14 16:28:25,747 - INFO - app.py - welcome - 66 - Main Page Open Start
2022-03-14 16:28:25,752 - INFO - app.py - main_page - 114 - Main Page Loaded
2022-03-14 16:28:28,994 - INFO - app.py - welcome - 50 - Login Page Loaded
2022-03-14 16:28:28,995 - INFO - app.py - welcome - 82 - test1111111
2022-03-14 16:28:30,461 - INFO - app.py - welcome - 50 - Login Page Loaded
2022-03-14 16:28:30,463 - INFO - app.py - welcome - 66 - Main Page Open Start
2022-03-14 16:28:30,469 - INFO - app.py - main_page - 114 - Main Page Loaded
2022-03-14 16:28:33,627 - INFO - app.py - welcome - 50 - Login Page Loaded
2022-03-14 16:28:33,627 - INFO - app.py - welcome - 82 - test1111111
2022-03-14 16:28:35,059 - INFO - app.py - welcome - 50 - Login Page Loaded
2022-03-14 16:28:35,061 - INFO - app.py - welcome - 66 - Main Page Open Start
2022-03-14 16:28:35,067 - INFO - app.py - main_page - 114 - Main Page Loaded
2022-03-14 16:28:38,243 - INFO - app.py - welcome - 50 - Login Page Loaded
2022-03-14 16:28:38,244 - INFO - app.py - welcome - 82 - test1111111
2022-03-14 16:28:39,660 - INFO - app.py - welcome - 50 - Login Page Loaded
2022-03-14 16:28:39,662 - INFO - app.py - welcome - 66 - Main Page Open Start
2022-03-14 16:28:39,668 - INFO - app.py - main_page - 114 - Main Page Loaded
2022-03-14 16:28:42,838 - INFO - app.py - welcome - 50 - Login Page Loaded
2022-03-14 16:28:42,838 - INFO - app.py - welcome - 82 - test1111111
2022-03-14 16:28:44,259 - INFO - app.py - welcome - 50 - Login Page Loaded
2022-03-14 16:28:44,261 - INFO - app.py - welcome - 66 - Main Page Open Start
2022-03-14 16:28:44,267 - INFO - app.py - main_page - 114 - Main Page Loaded
2022-03-14 16:28:47,448 - INFO - app.py - welcome - 50 - Login Page Loaded
2022-03-14 16:28:47,450 - INFO - app.py - welcome - 82 - test1111111
2022-03-14 16:28:48,908 - INFO - app.py - welcome - 50 - Login Page Loaded
2022-03-14 16:28:48,910 - INFO - app.py - welcome - 66 - Main Page Open Start
2022-03-14 16:28:48,916 - INFO - app.py - main_page - 114 - Main Page Loaded
2022-03-14 16:28:52,114 - INFO - app.py - welcome - 50 - Login Page Loaded
2022-03-14 16:28:52,115 - INFO - app.py - welcome - 82 - test1111111
2022-03-14 16:28:53,594 - INFO - app.py - welcome - 50 - Login Page Loaded
2022-03-14 16:28:53,596 - INFO - app.py - welcome - 66 - Main Page Open Start
2022-03-14 16:28:53,602 - INFO - app.py - main_page - 114 - Main Page Loaded
2022-03-14 16:28:56,791 - INFO - app.py - welcome - 50 - Login Page Loaded
2022-03-14 16:28:56,792 - INFO - app.py - welcome - 82 - test1111111
2022-03-14 16:28:58,177 - INFO - app.py - welcome - 50 - Login Page Loaded
2022-03-14 16:28:58,179 - INFO - app.py - welcome - 66 - Main Page Open Start
2022-03-14 16:28:58,185 - INFO - app.py - main_page - 114 - Main Page Loaded
2022-03-14 16:29:01,344 - INFO - app.py - welcome - 50 - Login Page Loaded
2022-03-14 16:29:01,347 - INFO - app.py - welcome - 82 - test1111111
2022-03-14 16:29:02,787 - INFO - app.py - welcome - 50 - Login Page Loaded
2022-03-14 16:29:02,789 - INFO - app.py - welcome - 66 - Main Page Open Start
2022-03-14 16:29:02,795 - INFO - app.py - main_page - 114 - Main Page Loaded
2022-03-14 16:29:05,989 - INFO - app.py - welcome - 50 - Login Page Loaded
2022-03-14 16:29:05,990 - INFO - app.py - welcome - 82 - test1111111
2022-03-14 16:29:07,428 - INFO - app.py - welcome - 50 - Login Page Loaded
2022-03-14 16:29:07,430 - INFO - app.py - welcome - 66 - Main Page Open Start
2022-03-14 16:29:07,436 - INFO - app.py - main_page - 114 - Main Page Loaded
2022-03-14 16:29:10,616 - INFO - app.py - welcome - 50 - Login Page Loaded
2022-03-14 16:29:10,619 - INFO - app.py - welcome - 82 - test1111111
2022-03-14 16:29:12,065 - INFO - app.py - welcome - 50 - Login Page Loaded
2022-03-14 16:29:12,068 - INFO - app.py - welcome - 66 - Main Page Open Start
2022-03-14 16:29:12,073 - INFO - app.py - main_page - 114 - Main Page Loaded
2022-03-14 16:29:15,272 - INFO - app.py - welcome - 50 - Login Page Loaded
2022-03-14 16:29:15,273 - INFO - app.py - welcome - 82 - test1111111
2022-03-14 16:29:16,700 - INFO - app.py - welcome - 50 - Login Page Loaded
2022-03-14 16:29:16,704 - INFO - app.py - welcome - 66 - Main Page Open Start
2022-03-14 16:29:16,709 - INFO - app.py - main_page - 114 - Main Page Loaded
2022-03-14 16:29:19,898 - INFO - app.py - welcome - 50 - Login Page Loaded
2022-03-14 16:29:19,903 - INFO - app.py - welcome - 82 - test1111111
2022-03-14 16:29:21,373 - INFO - app.py - welcome - 50 - Login Page Loaded
2022-03-14 16:29:21,375 - INFO - app.py - welcome - 66 - Main Page Open Start
2022-03-14 16:29:21,380 - INFO - app.py - main_page - 114 - Main Page Loaded
2022-03-14 16:29:24,546 - INFO - app.py - welcome - 50 - Login Page Loaded
2022-03-14 16:29:24,546 - INFO - app.py - welcome - 82 - test1111111
2022-03-14 16:29:25,978 - INFO - app.py - welcome - 50 - Login Page Loaded
2022-03-14 16:29:25,980 - INFO - app.py - welcome - 66 - Main Page Open Start
2022-03-14 16:29:25,987 - INFO - app.py - main_page - 114 - Main Page Loaded
2022-03-14 16:29:29,177 - INFO - app.py - welcome - 50 - Login Page Loaded
2022-03-14 16:29:29,177 - INFO - app.py - welcome - 82 - test1111111
2022-03-14 16:29:30,630 - INFO - app.py - welcome - 50 - Login Page Loaded
2022-03-14 16:29:30,632 - INFO - app.py - welcome - 66 - Main Page Open Start
2022-03-14 16:29:30,639 - INFO - app.py - main_page - 114 - Main Page Loaded
2022-03-14 16:29:33,810 - INFO - app.py - welcome - 50 - Login Page Loaded
2022-03-14 16:29:33,811 - INFO - app.py - welcome - 82 - test1111111
2022-03-14 16:29:35,243 - INFO - app.py - welcome - 50 - Login Page Loaded
2022-03-14 16:29:35,245 - INFO - app.py - welcome - 66 - Main Page Open Start
2022-03-14 16:29:35,251 - INFO - app.py - main_page - 114 - Main Page Loaded
2022-03-14 16:29:38,447 - INFO - app.py - welcome - 50 - Login Page Loaded
2022-03-14 16:29:38,447 - INFO - app.py - welcome - 82 - test1111111
2022-03-14 16:29:39,891 - INFO - app.py - welcome - 50 - Login Page Loaded
2022-03-14 16:29:39,894 - INFO - app.py - welcome - 66 - Main Page Open Start
2022-03-14 16:29:39,899 - INFO - app.py - main_page - 114 - Main Page Loaded
2022-03-14 16:29:43,039 - INFO - app.py - welcome - 50 - Login Page Loaded
2022-03-14 16:29:43,040 - INFO - app.py - welcome - 82 - test1111111
2022-03-14 16:29:44,471 - INFO - app.py - welcome - 50 - Login Page Loaded
2022-03-14 16:29:44,473 - INFO - app.py - welcome - 66 - Main Page Open Start
2022-03-14 16:29:44,478 - INFO - app.py - main_page - 114 - Main Page Loaded
2022-03-14 16:29:47,648 - INFO - app.py - welcome - 50 - Login Page Loaded
2022-03-14 16:29:47,649 - INFO - app.py - welcome - 82 - test1111111
2022-03-14 16:29:49,087 - INFO - app.py - welcome - 50 - Login Page Loaded
2022-03-14 16:29:49,089 - INFO - app.py - welcome - 66 - Main Page Open Start
2022-03-14 16:29:49,095 - INFO - app.py - main_page - 114 - Main Page Loaded
2022-03-14 16:29:52,301 - INFO - app.py - welcome - 50 - Login Page Loaded
2022-03-14 16:29:52,302 - INFO - app.py - welcome - 82 - test1111111
2022-03-14 16:29:53,731 - INFO - app.py - welcome - 50 - Login Page Loaded
2022-03-14 16:29:53,734 - INFO - app.py - welcome - 66 - Main Page Open Start
2022-03-14 16:29:53,739 - INFO - app.py - main_page - 114 - Main Page Loaded
2022-03-14 16:29:56,894 - INFO - app.py - welcome - 50 - Login Page Loaded
2022-03-14 16:29:56,896 - INFO - app.py - welcome - 82 - test1111111
2022-03-14 16:29:58,330 - INFO - app.py - welcome - 50 - Login Page Loaded
2022-03-14 16:29:58,332 - INFO - app.py - welcome - 66 - Main Page Open Start
2022-03-14 16:29:58,338 - INFO - app.py - main_page - 114 - Main Page Loaded
2022-03-14 16:30:01,590 - INFO - app.py - welcome - 50 - Login Page Loaded
2022-03-14 16:30:01,591 - INFO - app.py - welcome - 82 - test1111111
2022-03-14 16:30:03,039 - INFO - app.py - welcome - 50 - Login Page Loaded
2022-03-14 16:30:03,040 - INFO - app.py - welcome - 66 - Main Page Open Start
2022-03-14 16:30:03,046 - INFO - app.py - main_page - 114 - Main Page Loaded
2022-03-14 16:30:06,173 - INFO - app.py - welcome - 50 - Login Page Loaded
2022-03-14 16:30:06,174 - INFO - app.py - welcome - 82 - test1111111
2022-03-14 16:30:07,593 - INFO - app.py - welcome - 50 - Login Page Loaded
2022-03-14 16:30:07,595 - INFO - app.py - welcome - 66 - Main Page Open Start
2022-03-14 16:30:07,601 - INFO - app.py - main_page - 114 - Main Page Loaded
2022-03-14 16:30:10,757 - INFO - app.py - welcome - 50 - Login Page Loaded
2022-03-14 16:30:10,758 - INFO - app.py - welcome - 82 - test1111111
2022-03-14 16:30:12,227 - INFO - app.py - welcome - 50 - Login Page Loaded
2022-03-14 16:30:12,229 - INFO - app.py - welcome - 66 - Main Page Open Start
2022-03-14 16:30:12,235 - INFO - app.py - main_page - 114 - Main Page Loaded
2022-03-14 16:30:15,402 - INFO - app.py - welcome - 50 - Login Page Loaded
2022-03-14 16:30:15,403 - INFO - app.py - welcome - 82 - test1111111
2022-03-14 16:30:16,814 - INFO - app.py - welcome - 50 - Login Page Loaded
2022-03-14 16:30:16,816 - INFO - app.py - welcome - 66 - Main Page Open Start
2022-03-14 16:30:16,822 - INFO - app.py - main_page - 114 - Main Page Loaded
2022-03-14 16:30:20,008 - INFO - app.py - welcome - 50 - Login Page Loaded
2022-03-14 16:30:20,009 - INFO - app.py - welcome - 82 - test1111111
2022-03-14 16:30:21,444 - INFO - app.py - welcome - 50 - Login Page Loaded
2022-03-14 16:30:21,446 - INFO - app.py - welcome - 66 - Main Page Open Start
2022-03-14 16:30:21,452 - INFO - app.py - main_page - 114 - Main Page Loaded
2022-03-14 16:30:24,645 - INFO - app.py - welcome - 50 - Login Page Loaded
2022-03-14 16:30:24,646 - INFO - app.py - welcome - 82 - test1111111
2022-03-14 16:30:26,094 - INFO - app.py - welcome - 50 - Login Page Loaded
2022-03-14 16:30:26,096 - INFO - app.py - welcome - 66 - Main Page Open Start
2022-03-14 16:30:26,105 - INFO - app.py - main_page - 114 - Main Page Loaded
2022-03-14 16:30:29,309 - INFO - app.py - welcome - 50 - Login Page Loaded
2022-03-14 16:30:29,310 - INFO - app.py - welcome - 82 - test1111111
2022-03-14 16:30:30,743 - INFO - app.py - welcome - 50 - Login Page Loaded
2022-03-14 16:30:30,745 - INFO - app.py - welcome - 66 - Main Page Open Start
2022-03-14 16:30:30,751 - INFO - app.py - main_page - 114 - Main Page Loaded
2022-03-14 16:30:33,978 - INFO - app.py - welcome - 50 - Login Page Loaded
2022-03-14 16:30:33,979 - INFO - app.py - welcome - 82 - test1111111
2022-03-14 16:30:35,418 - INFO - app.py - welcome - 50 - Login Page Loaded
2022-03-14 16:30:35,420 - INFO - app.py - welcome - 66 - Main Page Open Start
2022-03-14 16:30:35,425 - INFO - app.py - main_page - 114 - Main Page Loaded
2022-03-14 16:30:38,559 - INFO - app.py - welcome - 50 - Login Page Loaded
2022-03-14 16:30:38,560 - INFO - app.py - welcome - 82 - test1111111
2022-03-14 16:30:39,973 - INFO - app.py - welcome - 50 - Login Page Loaded
2022-03-14 16:30:39,975 - INFO - app.py - welcome - 66 - Main Page Open Start
2022-03-14 16:30:39,981 - INFO - app.py - main_page - 114 - Main Page Loaded
2022-03-14 16:30:43,124 - INFO - app.py - welcome - 50 - Login Page Loaded
2022-03-14 16:30:43,125 - INFO - app.py - welcome - 82 - test1111111
2022-03-14 16:30:44,599 - INFO - app.py - welcome - 50 - Login Page Loaded
2022-03-14 16:30:44,605 - INFO - app.py - welcome - 66 - Main Page Open Start
2022-03-14 16:30:44,616 - INFO - app.py - main_page - 114 - Main Page Loaded
2022-03-14 16:30:48,198 - INFO - app.py - welcome - 50 - Login Page Loaded
2022-03-14 16:30:48,199 - INFO - app.py - welcome - 82 - test1111111
2022-03-14 16:30:49,671 - INFO - app.py - welcome - 50 - Login Page Loaded
2022-03-14 16:30:49,675 - INFO - app.py - welcome - 66 - Main Page Open Start
2022-03-14 16:30:49,682 - INFO - app.py - main_page - 114 - Main Page Loaded
2022-03-14 16:30:53,218 - INFO - app.py - welcome - 50 - Login Page Loaded
2022-03-14 16:30:53,219 - INFO - app.py - welcome - 82 - test1111111
2022-03-14 16:30:54,756 - INFO - app.py - welcome - 50 - Login Page Loaded
2022-03-14 16:30:54,760 - INFO - app.py - welcome - 66 - Main Page Open Start
2022-03-14 16:30:54,767 - INFO - app.py - main_page - 114 - Main Page Loaded
2022-03-14 16:30:58,333 - INFO - app.py - welcome - 50 - Login Page Loaded
2022-03-14 16:30:58,335 - INFO - app.py - welcome - 82 - test1111111
2022-03-14 16:30:59,905 - INFO - app.py - welcome - 50 - Login Page Loaded
2022-03-14 16:30:59,908 - INFO - app.py - welcome - 66 - Main Page Open Start
2022-03-14 16:30:59,915 - INFO - app.py - main_page - 114 - Main Page Loaded
2022-03-14 16:31:03,400 - INFO - app.py - welcome - 50 - Login Page Loaded
2022-03-14 16:31:03,401 - INFO - app.py - welcome - 82 - test1111111
2022-03-14 16:31:04,864 - INFO - app.py - welcome - 50 - Login Page Loaded
2022-03-14 16:31:04,868 - INFO - app.py - welcome - 66 - Main Page Open Start
2022-03-14 16:31:04,874 - INFO - app.py - main_page - 114 - Main Page Loaded
2022-03-14 16:31:08,411 - INFO - app.py - welcome - 50 - Login Page Loaded
2022-03-14 16:31:08,414 - INFO - app.py - welcome - 82 - test1111111
2022-03-14 16:31:09,898 - INFO - app.py - welcome - 50 - Login Page Loaded
2022-03-14 16:31:09,901 - INFO - app.py - welcome - 66 - Main Page Open Start
2022-03-14 16:31:09,908 - INFO - app.py - main_page - 114 - Main Page Loaded
2022-03-14 16:31:13,440 - INFO - app.py - welcome - 50 - Login Page Loaded
2022-03-14 16:31:13,441 - INFO - app.py - welcome - 82 - test1111111
2022-03-14 16:31:14,899 - INFO - app.py - welcome - 50 - Login Page Loaded
2022-03-14 16:31:14,901 - INFO - app.py - welcome - 66 - Main Page Open Start
2022-03-14 16:31:14,907 - INFO - app.py - main_page - 114 - Main Page Loaded
2022-03-14 16:31:18,480 - INFO - app.py - welcome - 50 - Login Page Loaded
2022-03-14 16:31:18,484 - INFO - app.py - welcome - 82 - test1111111
2022-03-14 16:31:19,961 - INFO - app.py - welcome - 50 - Login Page Loaded
2022-03-14 16:31:19,964 - INFO - app.py - welcome - 66 - Main Page Open Start
2022-03-14 16:31:19,969 - INFO - app.py - main_page - 114 - Main Page Loaded
2022-03-14 16:31:23,227 - INFO - app.py - welcome - 50 - Login Page Loaded
2022-03-14 16:31:23,229 - INFO - app.py - welcome - 82 - test1111111
2022-03-14 16:31:24,693 - INFO - app.py - welcome - 50 - Login Page Loaded
2022-03-14 16:31:24,695 - INFO - app.py - welcome - 66 - Main Page Open Start
2022-03-14 16:31:24,702 - INFO - app.py - main_page - 114 - Main Page Loaded
2022-03-14 16:31:27,840 - INFO - app.py - welcome - 50 - Login Page Loaded
2022-03-14 16:31:27,841 - INFO - app.py - welcome - 82 - test1111111
2022-03-14 16:31:29,266 - INFO - app.py - welcome - 50 - Login Page Loaded
2022-03-14 16:31:29,268 - INFO - app.py - welcome - 66 - Main Page Open Start
2022-03-14 16:31:29,273 - INFO - app.py - main_page - 114 - Main Page Loaded
2022-03-14 16:31:32,658 - INFO - app.py - welcome - 50 - Login Page Loaded
2022-03-14 16:31:32,659 - INFO - app.py - welcome - 82 - test1111111
2022-03-14 16:31:34,120 - INFO - app.py - welcome - 50 - Login Page Loaded
2022-03-14 16:31:34,122 - INFO - app.py - welcome - 66 - Main Page Open Start
2022-03-14 16:31:34,127 - INFO - app.py - main_page - 114 - Main Page Loaded
2022-03-14 16:31:37,256 - INFO - app.py - welcome - 50 - Login Page Loaded
2022-03-14 16:31:37,256 - INFO - app.py - welcome - 82 - test1111111
2022-03-14 16:31:38,641 - INFO - app.py - welcome - 50 - Login Page Loaded
2022-03-14 16:31:38,643 - INFO - app.py - welcome - 66 - Main Page Open Start
2022-03-14 16:31:38,648 - INFO - app.py - main_page - 114 - Main Page Loaded
2022-03-14 16:31:41,783 - INFO - app.py - welcome - 50 - Login Page Loaded
2022-03-14 16:31:41,784 - INFO - app.py - welcome - 82 - test1111111
2022-03-14 16:31:43,220 - INFO - app.py - welcome - 50 - Login Page Loaded
2022-03-14 16:31:43,222 - INFO - app.py - welcome - 66 - Main Page Open Start
2022-03-14 16:31:43,228 - INFO - app.py - main_page - 114 - Main Page Loaded
2022-03-14 16:31:46,367 - INFO - app.py - welcome - 50 - Login Page Loaded
2022-03-14 16:31:46,368 - INFO - app.py - welcome - 82 - test1111111
2022-03-14 16:31:47,809 - INFO - app.py - welcome - 50 - Login Page Loaded
2022-03-14 16:31:47,812 - INFO - app.py - welcome - 66 - Main Page Open Start
2022-03-14 16:31:47,817 - INFO - app.py - main_page - 114 - Main Page Loaded
2022-03-14 16:31:51,018 - INFO - app.py - welcome - 50 - Login Page Loaded
2022-03-14 16:31:51,019 - INFO - app.py - welcome - 82 - test1111111
2022-03-14 16:31:52,464 - INFO - app.py - welcome - 50 - Login Page Loaded
2022-03-14 16:31:52,466 - INFO - app.py - welcome - 66 - Main Page Open Start
2022-03-14 16:31:52,471 - INFO - app.py - main_page - 114 - Main Page Loaded
2022-03-14 16:31:55,616 - INFO - app.py - welcome - 50 - Login Page Loaded
2022-03-14 16:31:55,617 - INFO - app.py - welcome - 82 - test1111111
2022-03-14 16:31:57,030 - INFO - app.py - welcome - 50 - Login Page Loaded
2022-03-14 16:31:57,032 - INFO - app.py - welcome - 66 - Main Page Open Start
2022-03-14 16:31:57,038 - INFO - app.py - main_page - 114 - Main Page Loaded
2022-03-14 16:32:00,442 - INFO - app.py - welcome - 50 - Login Page Loaded
2022-03-14 16:32:00,444 - INFO - app.py - welcome - 82 - test1111111
2022-03-14 16:32:01,940 - INFO - app.py - welcome - 50 - Login Page Loaded
2022-03-14 16:32:01,942 - INFO - app.py - welcome - 66 - Main Page Open Start
2022-03-14 16:32:01,948 - INFO - app.py - main_page - 114 - Main Page Loaded
2022-03-14 16:32:05,150 - INFO - app.py - welcome - 50 - Login Page Loaded
2022-03-14 16:32:05,151 - INFO - app.py - welcome - 82 - test1111111
2022-03-14 16:32:06,581 - INFO - app.py - welcome - 50 - Login Page Loaded
2022-03-14 16:32:06,583 - INFO - app.py - welcome - 66 - Main Page Open Start
2022-03-14 16:32:06,589 - INFO - app.py - main_page - 114 - Main Page Loaded
2022-03-14 16:32:09,800 - INFO - app.py - welcome - 50 - Login Page Loaded
2022-03-14 16:32:09,801 - INFO - app.py - welcome - 82 - test1111111
2022-03-14 16:32:11,248 - INFO - app.py - welcome - 50 - Login Page Loaded
2022-03-14 16:32:11,250 - INFO - app.py - welcome - 66 - Main Page Open Start
2022-03-14 16:32:11,255 - INFO - app.py - main_page - 114 - Main Page Loaded
2022-03-14 16:32:14,386 - INFO - app.py - welcome - 50 - Login Page Loaded
2022-03-14 16:32:14,387 - INFO - app.py - welcome - 82 - test1111111
2022-03-14 16:32:15,798 - INFO - app.py - welcome - 50 - Login Page Loaded
2022-03-14 16:32:15,800 - INFO - app.py - welcome - 66 - Main Page Open Start
2022-03-14 16:32:15,806 - INFO - app.py - main_page - 114 - Main Page Loaded
2022-03-14 16:32:18,937 - INFO - app.py - welcome - 50 - Login Page Loaded
2022-03-14 16:32:18,939 - INFO - app.py - welcome - 82 - test1111111
2022-03-14 16:32:20,378 - INFO - app.py - welcome - 50 - Login Page Loaded
2022-03-14 16:32:20,381 - INFO - app.py - welcome - 66 - Main Page Open Start
2022-03-14 16:32:20,387 - INFO - app.py - main_page - 114 - Main Page Loaded
2022-03-14 16:32:23,908 - INFO - app.py - welcome - 50 - Login Page Loaded
2022-03-14 16:32:23,909 - INFO - app.py - welcome - 82 - test1111111
2022-03-14 16:32:25,362 - INFO - app.py - welcome - 50 - Login Page Loaded
2022-03-14 16:32:25,364 - INFO - app.py - welcome - 66 - Main Page Open Start
2022-03-14 16:32:25,370 - INFO - app.py - main_page - 114 - Main Page Loaded
2022-03-14 16:32:28,548 - INFO - app.py - welcome - 50 - Login Page Loaded
2022-03-14 16:32:28,549 - INFO - app.py - welcome - 82 - test1111111
2022-03-14 16:32:29,992 - INFO - app.py - welcome - 50 - Login Page Loaded
2022-03-14 16:32:29,995 - INFO - app.py - welcome - 66 - Main Page Open Start
2022-03-14 16:32:30,000 - INFO - app.py - main_page - 114 - Main Page Loaded
2022-03-14 16:32:33,175 - INFO - app.py - welcome - 50 - Login Page Loaded
2022-03-14 16:32:33,176 - INFO - app.py - welcome - 82 - test1111111
2022-03-14 16:32:34,620 - INFO - app.py - welcome - 50 - Login Page Loaded
2022-03-14 16:32:34,622 - INFO - app.py - welcome - 66 - Main Page Open Start
2022-03-14 16:32:34,628 - INFO - app.py - main_page - 114 - Main Page Loaded
2022-03-14 16:32:37,784 - INFO - app.py - welcome - 50 - Login Page Loaded
2022-03-14 16:32:37,785 - INFO - app.py - welcome - 82 - test1111111
2022-03-14 16:32:39,226 - INFO - app.py - welcome - 50 - Login Page Loaded
2022-03-14 16:32:39,228 - INFO - app.py - welcome - 66 - Main Page Open Start
2022-03-14 16:32:39,233 - INFO - app.py - main_page - 114 - Main Page Loaded
2022-03-14 16:32:42,410 - INFO - app.py - welcome - 50 - Login Page Loaded
2022-03-14 16:32:42,413 - INFO - app.py - welcome - 82 - test1111111
2022-03-14 16:32:43,872 - INFO - app.py - welcome - 50 - Login Page Loaded
2022-03-14 16:32:43,874 - INFO - app.py - welcome - 66 - Main Page Open Start
2022-03-14 16:32:43,880 - INFO - app.py - main_page - 114 - Main Page Loaded
2022-03-14 16:32:47,027 - INFO - app.py - welcome - 50 - Login Page Loaded
2022-03-14 16:32:47,028 - INFO - app.py - welcome - 82 - test1111111
2022-03-14 16:32:48,475 - INFO - app.py - welcome - 50 - Login Page Loaded
2022-03-14 16:32:48,477 - INFO - app.py - welcome - 66 - Main Page Open Start
2022-03-14 16:32:48,482 - INFO - app.py - main_page - 114 - Main Page Loaded
2022-03-14 16:32:51,695 - INFO - app.py - welcome - 50 - Login Page Loaded
2022-03-14 16:32:51,696 - INFO - app.py - welcome - 82 - test1111111
2022-03-14 16:32:53,173 - INFO - app.py - welcome - 50 - Login Page Loaded
2022-03-14 16:32:53,175 - INFO - app.py - welcome - 66 - Main Page Open Start
2022-03-14 16:32:53,182 - INFO - app.py - main_page - 114 - Main Page Loaded
2022-03-14 16:32:56,399 - INFO - app.py - welcome - 50 - Login Page Loaded
2022-03-14 16:32:56,400 - INFO - app.py - welcome - 82 - test1111111
2022-03-14 16:32:57,903 - INFO - app.py - welcome - 50 - Login Page Loaded
2022-03-14 16:32:57,906 - INFO - app.py - welcome - 66 - Main Page Open Start
2022-03-14 16:32:57,911 - INFO - app.py - main_page - 114 - Main Page Loaded
2022-03-14 16:33:01,135 - INFO - app.py - welcome - 50 - Login Page Loaded
2022-03-14 16:33:01,136 - INFO - app.py - welcome - 82 - test1111111
2022-03-14 16:33:02,575 - INFO - app.py - welcome - 50 - Login Page Loaded
2022-03-14 16:33:02,577 - INFO - app.py - welcome - 66 - Main Page Open Start
2022-03-14 16:33:02,583 - INFO - app.py - main_page - 114 - Main Page Loaded
2022-03-14 16:33:05,711 - INFO - app.py - welcome - 50 - Login Page Loaded
2022-03-14 16:33:05,713 - INFO - app.py - welcome - 82 - test1111111
2022-03-14 16:33:07,146 - INFO - app.py - welcome - 50 - Login Page Loaded
2022-03-14 16:33:07,148 - INFO - app.py - welcome - 66 - Main Page Open Start
2022-03-14 16:33:07,154 - INFO - app.py - main_page - 114 - Main Page Loaded
2022-03-14 16:33:10,362 - INFO - app.py - welcome - 50 - Login Page Loaded
2022-03-14 16:33:10,362 - INFO - app.py - welcome - 82 - test1111111
2022-03-14 16:33:11,807 - INFO - app.py - welcome - 50 - Login Page Loaded
2022-03-14 16:33:11,810 - INFO - app.py - welcome - 66 - Main Page Open Start
2022-03-14 16:33:11,816 - INFO - app.py - main_page - 114 - Main Page Loaded
2022-03-14 16:33:15,273 - INFO - app.py - welcome - 50 - Login Page Loaded
2022-03-14 16:33:15,274 - INFO - app.py - welcome - 82 - test1111111
2022-03-14 16:33:16,787 - INFO - app.py - welcome - 50 - Login Page Loaded
2022-03-14 16:33:16,790 - INFO - app.py - welcome - 66 - Main Page Open Start
2022-03-14 16:33:16,796 - INFO - app.py - main_page - 114 - Main Page Loaded
2022-03-14 16:33:20,223 - INFO - app.py - welcome - 50 - Login Page Loaded
2022-03-14 16:33:20,225 - INFO - app.py - welcome - 82 - test1111111
2022-03-14 16:33:21,731 - INFO - app.py - welcome - 50 - Login Page Loaded
2022-03-14 16:33:21,733 - INFO - app.py - welcome - 66 - Main Page Open Start
2022-03-14 16:33:21,739 - INFO - app.py - main_page - 114 - Main Page Loaded
2022-03-14 16:33:25,003 - INFO - app.py - welcome - 50 - Login Page Loaded
2022-03-14 16:33:25,004 - INFO - app.py - welcome - 82 - test1111111
2022-03-14 16:33:26,478 - INFO - app.py - welcome - 50 - Login Page Loaded
2022-03-14 16:33:26,480 - INFO - app.py - welcome - 66 - Main Page Open Start
2022-03-14 16:33:26,485 - INFO - app.py - main_page - 114 - Main Page Loaded
2022-03-14 16:33:29,658 - INFO - app.py - welcome - 50 - Login Page Loaded
2022-03-14 16:33:29,659 - INFO - app.py - welcome - 82 - test1111111
2022-03-14 16:33:31,088 - INFO - app.py - welcome - 50 - Login Page Loaded
2022-03-14 16:33:31,090 - INFO - app.py - welcome - 66 - Main Page Open Start
2022-03-14 16:33:31,096 - INFO - app.py - main_page - 114 - Main Page Loaded
2022-03-14 16:33:34,289 - INFO - app.py - welcome - 50 - Login Page Loaded
2022-03-14 16:33:34,290 - INFO - app.py - welcome - 82 - test1111111
2022-03-14 16:33:35,725 - INFO - app.py - welcome - 50 - Login Page Loaded
2022-03-14 16:33:35,728 - INFO - app.py - welcome - 66 - Main Page Open Start
2022-03-14 16:33:35,733 - INFO - app.py - main_page - 114 - Main Page Loaded
2022-03-14 16:33:38,923 - INFO - app.py - welcome - 50 - Login Page Loaded
2022-03-14 16:33:38,924 - INFO - app.py - welcome - 82 - test1111111
2022-03-14 16:33:40,394 - INFO - app.py - welcome - 50 - Login Page Loaded
2022-03-14 16:33:40,395 - INFO - app.py - welcome - 66 - Main Page Open Start
2022-03-14 16:33:40,401 - INFO - app.py - main_page - 114 - Main Page Loaded
2022-03-14 16:33:43,568 - INFO - app.py - welcome - 50 - Login Page Loaded
2022-03-14 16:33:43,569 - INFO - app.py - welcome - 82 - test1111111
2022-03-14 16:33:45,002 - INFO - app.py - welcome - 50 - Login Page Loaded
2022-03-14 16:33:45,005 - INFO - app.py - welcome - 66 - Main Page Open Start
2022-03-14 16:33:45,010 - INFO - app.py - main_page - 114 - Main Page Loaded
2022-03-14 16:33:48,151 - INFO - app.py - welcome - 50 - Login Page Loaded
2022-03-14 16:33:48,152 - INFO - app.py - welcome - 82 - test1111111
2022-03-14 16:33:49,575 - INFO - app.py - welcome - 50 - Login Page Loaded
2022-03-14 16:33:49,577 - INFO - app.py - welcome - 66 - Main Page Open Start
2022-03-14 16:33:49,583 - INFO - app.py - main_page - 114 - Main Page Loaded
2022-03-14 16:33:52,788 - INFO - app.py - welcome - 50 - Login Page Loaded
2022-03-14 16:33:52,789 - INFO - app.py - welcome - 82 - test1111111
2022-03-14 16:33:54,239 - INFO - app.py - welcome - 50 - Login Page Loaded
2022-03-14 16:33:54,242 - INFO - app.py - welcome - 66 - Main Page Open Start
2022-03-14 16:33:54,249 - INFO - app.py - main_page - 114 - Main Page Loaded
2022-03-14 16:33:57,407 - INFO - app.py - welcome - 50 - Login Page Loaded
2022-03-14 16:33:57,409 - INFO - app.py - welcome - 82 - test1111111
2022-03-14 16:33:58,834 - INFO - app.py - welcome - 50 - Login Page Loaded
2022-03-14 16:33:58,836 - INFO - app.py - welcome - 66 - Main Page Open Start
2022-03-14 16:33:58,841 - INFO - app.py - main_page - 114 - Main Page Loaded
2022-03-14 16:34:02,036 - INFO - app.py - welcome - 50 - Login Page Loaded
2022-03-14 16:34:02,037 - INFO - app.py - welcome - 82 - test1111111
2022-03-14 16:34:03,481 - INFO - app.py - welcome - 50 - Login Page Loaded
2022-03-14 16:34:03,483 - INFO - app.py - welcome - 66 - Main Page Open Start
2022-03-14 16:34:03,488 - INFO - app.py - main_page - 114 - Main Page Loaded
2022-03-14 16:34:06,660 - INFO - app.py - welcome - 50 - Login Page Loaded
2022-03-14 16:34:06,662 - INFO - app.py - welcome - 82 - test1111111
2022-03-14 16:34:08,103 - INFO - app.py - welcome - 50 - Login Page Loaded
2022-03-14 16:34:08,105 - INFO - app.py - welcome - 66 - Main Page Open Start
2022-03-14 16:34:08,112 - INFO - app.py - main_page - 114 - Main Page Loaded
2022-03-14 16:34:11,273 - INFO - app.py - welcome - 50 - Login Page Loaded
2022-03-14 16:34:11,276 - INFO - app.py - welcome - 82 - test1111111
2022-03-14 16:34:12,701 - INFO - app.py - welcome - 50 - Login Page Loaded
2022-03-14 16:34:12,703 - INFO - app.py - welcome - 66 - Main Page Open Start
2022-03-14 16:34:12,710 - INFO - app.py - main_page - 114 - Main Page Loaded
2022-03-14 16:34:15,842 - INFO - app.py - welcome - 50 - Login Page Loaded
2022-03-14 16:34:15,843 - INFO - app.py - welcome - 82 - test1111111
2022-03-14 16:34:17,267 - INFO - app.py - welcome - 50 - Login Page Loaded
2022-03-14 16:34:17,269 - INFO - app.py - welcome - 66 - Main Page Open Start
2022-03-14 16:34:17,275 - INFO - app.py - main_page - 114 - Main Page Loaded
2022-03-14 16:34:20,444 - INFO - app.py - welcome - 50 - Login Page Loaded
2022-03-14 16:34:20,445 - INFO - app.py - welcome - 82 - test1111111
2022-03-14 16:34:21,890 - INFO - app.py - welcome - 50 - Login Page Loaded
2022-03-14 16:34:21,893 - INFO - app.py - welcome - 66 - Main Page Open Start
2022-03-14 16:34:21,898 - INFO - app.py - main_page - 114 - Main Page Loaded
2022-03-14 16:34:25,073 - INFO - app.py - welcome - 50 - Login Page Loaded
2022-03-14 16:34:25,074 - INFO - app.py - welcome - 82 - test1111111
2022-03-14 16:34:26,543 - INFO - app.py - welcome - 50 - Login Page Loaded
2022-03-14 16:34:26,545 - INFO - app.py - welcome - 66 - Main Page Open Start
2022-03-14 16:34:26,550 - INFO - app.py - main_page - 114 - Main Page Loaded
2022-03-14 16:34:29,881 - INFO - app.py - welcome - 50 - Login Page Loaded
2022-03-14 16:34:29,882 - INFO - app.py - welcome - 82 - test1111111
2022-03-14 16:34:31,326 - INFO - app.py - welcome - 50 - Login Page Loaded
2022-03-14 16:34:31,329 - INFO - app.py - welcome - 66 - Main Page Open Start
2022-03-14 16:34:31,334 - INFO - app.py - main_page - 114 - Main Page Loaded
2022-03-14 16:34:34,618 - INFO - app.py - welcome - 50 - Login Page Loaded
2022-03-14 16:34:34,619 - INFO - app.py - welcome - 82 - test1111111
2022-03-14 16:34:36,073 - INFO - app.py - welcome - 50 - Login Page Loaded
2022-03-14 16:34:36,076 - INFO - app.py - welcome - 66 - Main Page Open Start
2022-03-14 16:34:36,082 - INFO - app.py - main_page - 114 - Main Page Loaded
2022-03-14 16:34:39,235 - INFO - app.py - welcome - 50 - Login Page Loaded
2022-03-14 16:34:39,236 - INFO - app.py - welcome - 82 - test1111111
2022-03-14 16:34:40,674 - INFO - app.py - welcome - 50 - Login Page Loaded
2022-03-14 16:34:40,676 - INFO - app.py - welcome - 66 - Main Page Open Start
2022-03-14 16:34:40,682 - INFO - app.py - main_page - 114 - Main Page Loaded
2022-03-14 16:34:43,832 - INFO - app.py - welcome - 50 - Login Page Loaded
2022-03-14 16:34:43,833 - INFO - app.py - welcome - 82 - test1111111
2022-03-14 16:34:45,286 - INFO - app.py - welcome - 50 - Login Page Loaded
2022-03-14 16:34:45,289 - INFO - app.py - welcome - 66 - Main Page Open Start
2022-03-14 16:34:45,294 - INFO - app.py - main_page - 114 - Main Page Loaded
2022-03-14 16:34:48,467 - INFO - app.py - welcome - 50 - Login Page Loaded
2022-03-14 16:34:48,468 - INFO - app.py - welcome - 82 - test1111111
2022-03-14 16:34:49,900 - INFO - app.py - welcome - 50 - Login Page Loaded
2022-03-14 16:34:49,903 - INFO - app.py - welcome - 66 - Main Page Open Start
2022-03-14 16:34:49,909 - INFO - app.py - main_page - 114 - Main Page Loaded
2022-03-14 16:34:53,027 - INFO - app.py - welcome - 50 - Login Page Loaded
2022-03-14 16:34:53,029 - INFO - app.py - welcome - 82 - test1111111
2022-03-14 16:34:54,482 - INFO - app.py - welcome - 50 - Login Page Loaded
2022-03-14 16:34:54,484 - INFO - app.py - welcome - 66 - Main Page Open Start
2022-03-14 16:34:54,490 - INFO - app.py - main_page - 114 - Main Page Loaded
2022-03-14 16:34:57,663 - INFO - app.py - welcome - 50 - Login Page Loaded
2022-03-14 16:34:57,664 - INFO - app.py - welcome - 82 - test1111111
2022-03-14 16:34:59,091 - INFO - app.py - welcome - 50 - Login Page Loaded
2022-03-14 16:34:59,094 - INFO - app.py - welcome - 66 - Main Page Open Start
2022-03-14 16:34:59,101 - INFO - app.py - main_page - 114 - Main Page Loaded
2022-03-14 16:35:02,374 - INFO - app.py - welcome - 50 - Login Page Loaded
2022-03-14 16:35:02,375 - INFO - app.py - welcome - 82 - test1111111
2022-03-14 16:35:03,823 - INFO - app.py - welcome - 50 - Login Page Loaded
2022-03-14 16:35:03,826 - INFO - app.py - welcome - 66 - Main Page Open Start
2022-03-14 16:35:03,831 - INFO - app.py - main_page - 114 - Main Page Loaded
2022-03-14 16:35:07,043 - INFO - app.py - welcome - 50 - Login Page Loaded
2022-03-14 16:35:07,044 - INFO - app.py - welcome - 82 - test1111111
2022-03-14 16:35:08,494 - INFO - app.py - welcome - 50 - Login Page Loaded
2022-03-14 16:35:08,497 - INFO - app.py - welcome - 66 - Main Page Open Start
2022-03-14 16:35:08,502 - INFO - app.py - main_page - 114 - Main Page Loaded
2022-03-14 16:35:11,664 - INFO - app.py - welcome - 50 - Login Page Loaded
2022-03-14 16:35:11,665 - INFO - app.py - welcome - 82 - test1111111
2022-03-14 16:35:13,119 - INFO - app.py - welcome - 50 - Login Page Loaded
2022-03-14 16:35:13,122 - INFO - app.py - welcome - 66 - Main Page Open Start
2022-03-14 16:35:13,128 - INFO - app.py - main_page - 114 - Main Page Loaded
2022-03-14 16:35:16,279 - INFO - app.py - welcome - 50 - Login Page Loaded
2022-03-14 16:35:16,280 - INFO - app.py - welcome - 82 - test1111111
2022-03-14 16:35:17,706 - INFO - app.py - welcome - 50 - Login Page Loaded
2022-03-14 16:35:17,709 - INFO - app.py - welcome - 66 - Main Page Open Start
2022-03-14 16:35:17,715 - INFO - app.py - main_page - 114 - Main Page Loaded
2022-03-14 16:35:20,861 - INFO - app.py - welcome - 50 - Login Page Loaded
2022-03-14 16:35:20,862 - INFO - app.py - welcome - 82 - test1111111
2022-03-14 16:35:22,318 - INFO - app.py - welcome - 50 - Login Page Loaded
2022-03-14 16:35:22,320 - INFO - app.py - welcome - 66 - Main Page Open Start
2022-03-14 16:35:22,325 - INFO - app.py - main_page - 114 - Main Page Loaded
2022-03-14 16:35:25,509 - INFO - app.py - welcome - 50 - Login Page Loaded
2022-03-14 16:35:25,510 - INFO - app.py - welcome - 82 - test1111111
2022-03-14 16:35:26,931 - INFO - app.py - welcome - 50 - Login Page Loaded
2022-03-14 16:35:26,933 - INFO - app.py - welcome - 66 - Main Page Open Start
2022-03-14 16:35:26,939 - INFO - app.py - main_page - 114 - Main Page Loaded
2022-03-14 16:35:30,143 - INFO - app.py - welcome - 50 - Login Page Loaded
2022-03-14 16:35:30,146 - INFO - app.py - welcome - 82 - test1111111
2022-03-14 16:35:31,581 - INFO - app.py - welcome - 50 - Login Page Loaded
2022-03-14 16:35:31,583 - INFO - app.py - welcome - 66 - Main Page Open Start
2022-03-14 16:35:31,589 - INFO - app.py - main_page - 114 - Main Page Loaded
2022-03-14 16:35:34,814 - INFO - app.py - welcome - 50 - Login Page Loaded
2022-03-14 16:35:34,815 - INFO - app.py - welcome - 82 - test1111111
2022-03-14 16:35:36,274 - INFO - app.py - welcome - 50 - Login Page Loaded
2022-03-14 16:35:36,276 - INFO - app.py - welcome - 66 - Main Page Open Start
2022-03-14 16:35:36,282 - INFO - app.py - main_page - 114 - Main Page Loaded
2022-03-14 16:35:39,475 - INFO - app.py - welcome - 50 - Login Page Loaded
2022-03-14 16:35:39,476 - INFO - app.py - welcome - 82 - test1111111
2022-03-14 16:35:40,913 - INFO - app.py - welcome - 50 - Login Page Loaded
2022-03-14 16:35:40,915 - INFO - app.py - welcome - 66 - Main Page Open Start
2022-03-14 16:35:40,921 - INFO - app.py - main_page - 114 - Main Page Loaded
2022-03-14 16:35:44,109 - INFO - app.py - welcome - 50 - Login Page Loaded
2022-03-14 16:35:44,109 - INFO - app.py - welcome - 82 - test1111111
2022-03-14 16:35:45,567 - INFO - app.py - welcome - 50 - Login Page Loaded
2022-03-14 16:35:45,570 - INFO - app.py - welcome - 66 - Main Page Open Start
2022-03-14 16:35:45,575 - INFO - app.py - main_page - 114 - Main Page Loaded
2022-03-14 16:35:48,712 - INFO - app.py - welcome - 50 - Login Page Loaded
2022-03-14 16:35:48,712 - INFO - app.py - welcome - 82 - test1111111
2022-03-14 16:35:50,111 - INFO - app.py - welcome - 50 - Login Page Loaded
2022-03-14 16:35:50,114 - INFO - app.py - welcome - 66 - Main Page Open Start
2022-03-14 16:35:50,119 - INFO - app.py - main_page - 114 - Main Page Loaded
2022-03-14 16:35:53,261 - INFO - app.py - welcome - 50 - Login Page Loaded
2022-03-14 16:35:53,262 - INFO - app.py - welcome - 82 - test1111111
2022-03-14 16:35:54,682 - INFO - app.py - welcome - 50 - Login Page Loaded
2022-03-14 16:35:54,684 - INFO - app.py - welcome - 66 - Main Page Open Start
2022-03-14 16:35:54,690 - INFO - app.py - main_page - 114 - Main Page Loaded
2022-03-14 16:35:57,875 - INFO - app.py - welcome - 50 - Login Page Loaded
2022-03-14 16:35:57,876 - INFO - app.py - welcome - 82 - test1111111
2022-03-14 16:35:59,313 - INFO - app.py - welcome - 50 - Login Page Loaded
2022-03-14 16:35:59,315 - INFO - app.py - welcome - 66 - Main Page Open Start
2022-03-14 16:35:59,321 - INFO - app.py - main_page - 114 - Main Page Loaded
2022-03-14 16:36:02,461 - INFO - app.py - welcome - 50 - Login Page Loaded
2022-03-14 16:36:02,462 - INFO - app.py - welcome - 82 - test1111111
2022-03-14 16:36:03,874 - INFO - app.py - welcome - 50 - Login Page Loaded
2022-03-14 16:36:03,875 - INFO - app.py - welcome - 66 - Main Page Open Start
2022-03-14 16:36:03,880 - INFO - app.py - main_page - 114 - Main Page Loaded
2022-03-14 16:36:07,035 - INFO - app.py - welcome - 50 - Login Page Loaded
2022-03-14 16:36:07,036 - INFO - app.py - welcome - 82 - test1111111
2022-03-14 16:36:08,478 - INFO - app.py - welcome - 50 - Login Page Loaded
2022-03-14 16:36:08,480 - INFO - app.py - welcome - 66 - Main Page Open Start
2022-03-14 16:36:08,486 - INFO - app.py - main_page - 114 - Main Page Loaded
2022-03-14 16:36:11,652 - INFO - app.py - welcome - 50 - Login Page Loaded
2022-03-14 16:36:11,653 - INFO - app.py - welcome - 82 - test1111111
2022-03-14 16:36:13,113 - INFO - app.py - welcome - 50 - Login Page Loaded
2022-03-14 16:36:13,114 - INFO - app.py - welcome - 66 - Main Page Open Start
2022-03-14 16:36:13,120 - INFO - app.py - main_page - 114 - Main Page Loaded
2022-03-14 16:36:16,275 - INFO - app.py - welcome - 50 - Login Page Loaded
2022-03-14 16:36:16,276 - INFO - app.py - welcome - 82 - test1111111
2022-03-14 16:36:17,715 - INFO - app.py - welcome - 50 - Login Page Loaded
2022-03-14 16:36:17,718 - INFO - app.py - welcome - 66 - Main Page Open Start
2022-03-14 16:36:17,724 - INFO - app.py - main_page - 114 - Main Page Loaded
2022-03-14 16:36:20,889 - INFO - app.py - welcome - 50 - Login Page Loaded
2022-03-14 16:36:20,890 - INFO - app.py - welcome - 82 - test1111111
2022-03-14 16:36:22,331 - INFO - app.py - welcome - 50 - Login Page Loaded
2022-03-14 16:36:22,333 - INFO - app.py - welcome - 66 - Main Page Open Start
2022-03-14 16:36:22,339 - INFO - app.py - main_page - 114 - Main Page Loaded
2022-03-14 16:36:25,506 - INFO - app.py - welcome - 50 - Login Page Loaded
2022-03-14 16:36:25,506 - INFO - app.py - welcome - 82 - test1111111
2022-03-14 16:36:26,927 - INFO - app.py - welcome - 50 - Login Page Loaded
2022-03-14 16:36:26,929 - INFO - app.py - welcome - 66 - Main Page Open Start
2022-03-14 16:36:26,935 - INFO - app.py - main_page - 114 - Main Page Loaded
2022-03-14 16:36:30,064 - INFO - app.py - welcome - 50 - Login Page Loaded
2022-03-14 16:36:30,065 - INFO - app.py - welcome - 82 - test1111111
2022-03-14 16:36:31,512 - INFO - app.py - welcome - 50 - Login Page Loaded
2022-03-14 16:36:31,514 - INFO - app.py - welcome - 66 - Main Page Open Start
2022-03-14 16:36:31,519 - INFO - app.py - main_page - 114 - Main Page Loaded
2022-03-14 16:36:34,862 - INFO - app.py - welcome - 50 - Login Page Loaded
2022-03-14 16:36:34,862 - INFO - app.py - welcome - 82 - test1111111
2022-03-14 16:36:36,301 - INFO - app.py - welcome - 50 - Login Page Loaded
2022-03-14 16:36:36,303 - INFO - app.py - welcome - 66 - Main Page Open Start
2022-03-14 16:36:36,308 - INFO - app.py - main_page - 114 - Main Page Loaded
2022-03-14 16:36:39,443 - INFO - app.py - welcome - 50 - Login Page Loaded
2022-03-14 16:36:39,444 - INFO - app.py - welcome - 82 - test1111111
2022-03-14 16:36:40,875 - INFO - app.py - welcome - 50 - Login Page Loaded
2022-03-14 16:36:40,876 - INFO - app.py - welcome - 66 - Main Page Open Start
2022-03-14 16:36:40,882 - INFO - app.py - main_page - 114 - Main Page Loaded
2022-03-14 16:36:44,085 - INFO - app.py - welcome - 50 - Login Page Loaded
2022-03-14 16:36:44,089 - INFO - app.py - welcome - 82 - test1111111
2022-03-14 16:36:45,549 - INFO - app.py - welcome - 50 - Login Page Loaded
2022-03-14 16:36:45,550 - INFO - app.py - welcome - 66 - Main Page Open Start
2022-03-14 16:36:45,555 - INFO - app.py - main_page - 114 - Main Page Loaded
2022-03-14 16:36:48,711 - INFO - app.py - welcome - 50 - Login Page Loaded
2022-03-14 16:36:48,711 - INFO - app.py - welcome - 82 - test1111111
2022-03-14 16:36:50,148 - INFO - app.py - welcome - 50 - Login Page Loaded
2022-03-14 16:36:50,150 - INFO - app.py - welcome - 66 - Main Page Open Start
2022-03-14 16:36:50,155 - INFO - app.py - main_page - 114 - Main Page Loaded
2022-03-14 16:36:53,655 - INFO - app.py - welcome - 50 - Login Page Loaded
2022-03-14 16:36:53,657 - INFO - app.py - welcome - 82 - test1111111
2022-03-14 16:36:55,143 - INFO - app.py - welcome - 50 - Login Page Loaded
2022-03-14 16:36:55,145 - INFO - app.py - welcome - 66 - Main Page Open Start
2022-03-14 16:36:55,153 - INFO - app.py - main_page - 114 - Main Page Loaded
2022-03-14 16:36:58,906 - INFO - app.py - welcome - 50 - Login Page Loaded
2022-03-14 16:36:58,907 - INFO - app.py - welcome - 82 - test1111111
2022-03-14 16:37:00,415 - INFO - app.py - welcome - 50 - Login Page Loaded
2022-03-14 16:37:00,418 - INFO - app.py - welcome - 66 - Main Page Open Start
2022-03-14 16:37:00,424 - INFO - app.py - main_page - 114 - Main Page Loaded
2022-03-14 16:37:03,956 - INFO - app.py - welcome - 50 - Login Page Loaded
2022-03-14 16:37:03,957 - INFO - app.py - welcome - 82 - test1111111
2022-03-14 16:37:05,460 - INFO - app.py - welcome - 50 - Login Page Loaded
2022-03-14 16:37:05,463 - INFO - app.py - welcome - 66 - Main Page Open Start
2022-03-14 16:37:05,468 - INFO - app.py - main_page - 114 - Main Page Loaded
2022-03-14 16:37:08,910 - INFO - app.py - welcome - 50 - Login Page Loaded
2022-03-14 16:37:08,911 - INFO - app.py - welcome - 82 - test1111111
2022-03-14 16:37:10,428 - INFO - app.py - welcome - 50 - Login Page Loaded
2022-03-14 16:37:10,430 - INFO - app.py - welcome - 66 - Main Page Open Start
2022-03-14 16:37:10,437 - INFO - app.py - main_page - 114 - Main Page Loaded
2022-03-28 13:37:25,089 - INFO - app.py - welcome - 51 - Login Page Loaded
2022-03-28 13:37:25,090 - INFO - app.py - welcome - 83 - test1111111
2022-03-28 13:39:25,029 - INFO - app.py - welcome - 51 - Login Page Loaded
2022-03-28 13:39:25,033 - INFO - app.py - welcome - 83 - test1111111
2022-03-28 13:39:37,803 - INFO - app.py - welcome - 51 - Login Page Loaded
2022-03-28 13:39:37,804 - INFO - app.py - welcome - 83 - test1111111
2022-03-28 13:39:57,796 - INFO - app.py - welcome - 51 - Login Page Loaded
2022-03-28 13:39:57,797 - INFO - app.py - welcome - 83 - test1111111
2022-03-28 13:48:03,690 - INFO - app.py - welcome - 51 - Login Page Loaded
2022-03-28 13:48:03,690 - INFO - app.py - welcome - 83 - test1111111
2022-04-15 23:22:23,861 - INFO - app.py - welcome - 53 - Login Page Loaded
2022-04-15 23:22:23,862 - INFO - app.py - welcome - 85 - test1111111
2022-04-15 23:22:29,439 - INFO - app.py - welcome - 53 - Login Page Loaded
2022-04-15 23:22:29,468 - INFO - app.py - welcome - 69 - Main Page Open Start
2022-04-15 23:22:29,482 - INFO - app.py - main_page - 117 - Main Page Loaded
2022-04-15 23:22:32,504 - INFO - app.py - welcome - 53 - Login Page Loaded
2022-04-15 23:22:32,504 - INFO - app.py - welcome - 85 - test1111111
2022-04-15 23:22:35,014 - INFO - app.py - welcome - 53 - Login Page Loaded
2022-04-15 23:22:35,016 - INFO - app.py - welcome - 83 - Login Page Reload Start
2022-04-15 23:25:52,611 - INFO - app.py - welcome - 53 - Login Page Loaded
2022-04-15 23:25:52,612 - INFO - app.py - welcome - 83 - Login Page Reload Start
2022-04-15 23:25:56,985 - INFO - app.py - welcome - 53 - Login Page Loaded
2022-04-15 23:25:56,987 - INFO - app.py - welcome - 83 - Login Page Reload Start
2022-04-15 23:50:27,391 - INFO - app.py - welcome - 53 - Login Page Loaded
2022-04-15 23:50:27,420 - INFO - app.py - welcome - 87 - Login Page Reload Start
2022-04-15 23:50:41,980 - INFO - app.py - welcome - 53 - Login Page Loaded
2022-04-15 23:50:41,981 - INFO - app.py - welcome - 87 - Login Page Reload Start
2022-04-15 23:52:12,560 - INFO - app.py - welcome - 53 - Login Page Loaded
2022-04-15 23:52:12,575 - INFO - app.py - welcome - 87 - Login Page Reload Start
2022-04-15 23:52:18,548 - INFO - app.py - welcome - 53 - Login Page Loaded
2022-04-15 23:52:18,549 - INFO - app.py - welcome - 70 - Main Page Open Start
2022-04-15 23:52:18,558 - INFO - app.py - main_page - 123 - Main Page Loaded
2022-04-15 23:52:23,548 - INFO - app.py - welcome - 53 - Login Page Loaded
2022-04-15 23:52:23,550 - INFO - app.py - welcome - 87 - Login Page Reload Start
2022-04-15 23:53:29,132 - INFO - app.py - welcome - 53 - Login Page Loaded
2022-04-15 23:53:29,133 - INFO - app.py - welcome - 87 - Login Page Reload Start
2022-04-15 23:53:38,199 - INFO - app.py - welcome - 53 - Login Page Loaded
2022-04-15 23:53:38,201 - INFO - app.py - welcome - 87 - Login Page Reload Start
2022-04-15 23:55:27,130 - INFO - app.py - welcome - 53 - Login Page Loaded
2022-04-15 23:55:27,148 - INFO - app.py - welcome - 87 - Login Page Reload Start
2022-04-15 23:55:32,526 - INFO - app.py - welcome - 53 - Login Page Loaded
2022-04-15 23:55:42,502 - INFO - app.py - welcome - 53 - Login Page Loaded
2022-04-15 23:55:42,504 - INFO - app.py - welcome - 87 - Login Page Reload Start
2022-04-15 23:56:16,188 - INFO - app.py - welcome - 53 - Login Page Loaded
2022-04-15 23:56:16,196 - INFO - app.py - welcome - 87 - Login Page Reload Start
2022-04-15 23:56:19,760 - INFO - app.py - welcome - 53 - Login Page Loaded
2022-04-15 23:56:19,762 - INFO - app.py - welcome - 87 - Login Page Reload Start
2022-04-15 23:57:04,991 - INFO - app.py - welcome - 53 - Login Page Loaded
2022-04-15 23:57:04,994 - INFO - app.py - welcome - 87 - Login Page Reload Start
2022-04-16 00:07:16,797 - INFO - app.py - welcome - 53 - Login Page Loaded
2022-04-16 00:07:16,812 - INFO - app.py - welcome - 87 - Login Page Reload Start
2022-04-16 00:07:37,593 - INFO - app.py - welcome - 53 - Login Page Loaded
2022-04-16 00:07:37,594 - INFO - app.py - welcome - 92 - test1111111
2022-04-16 00:07:43,311 - INFO - app.py - welcome - 53 - Login Page Loaded
2022-04-16 00:07:43,313 - INFO - app.py - welcome - 87 - Login Page Reload Start
2022-04-16 00:07:46,798 - INFO - app.py - welcome - 53 - Login Page Loaded
2022-04-16 00:07:46,799 - INFO - app.py - welcome - 92 - test1111111
2022-04-16 00:08:36,365 - INFO - app.py - welcome - 53 - Login Page Loaded
2022-04-16 00:08:36,365 - INFO - app.py - welcome - 92 - test1111111
2022-04-16 00:08:40,750 - INFO - app.py - welcome - 53 - Login Page Loaded
2022-04-16 00:08:40,779 - INFO - app.py - welcome - 87 - Login Page Reload Start
2022-04-16 00:08:43,487 - INFO - app.py - welcome - 53 - Login Page Loaded
2022-04-16 00:08:43,488 - INFO - app.py - welcome - 92 - test1111111
2022-04-16 00:24:54,232 - INFO - app.py - welcome - 54 - Login Page Loaded
2022-04-16 00:24:54,233 - INFO - app.py - welcome - 92 - test1111111
2022-04-16 00:25:00,470 - INFO - app.py - welcome - 54 - Login Page Loaded
2022-04-16 00:25:00,496 - INFO - app.py - welcome - 88 - Login Page Reload Start
2022-04-16 00:25:00,497 - INFO - app.py - welcome - 92 - test1111111
2022-04-16 17:11:23,714 - INFO - app.py - welcome - 54 - Login Page Loaded
2022-04-16 17:11:23,715 - INFO - app.py - welcome - 90 - test1111111
2022-04-16 17:11:26,996 - INFO - app.py - welcome - 54 - Login Page Loaded
2022-04-16 17:11:27,015 - INFO - app.py - welcome - 90 - test1111111
2022-04-16 17:17:34,372 - INFO - app.py - welcome - 54 - Login Page Loaded
2022-04-16 17:17:34,374 - INFO - app.py - welcome - 90 - test1111111
2022-04-16 17:17:52,819 - INFO - app.py - welcome - 54 - Login Page Loaded
2022-04-16 17:17:52,821 - INFO - app.py - welcome - 90 - test1111111
2022-04-16 17:23:31,336 - INFO - app.py - welcome - 54 - Login Page Loaded
2022-04-16 17:23:31,341 - INFO - app.py - welcome - 92 - test1111111
2022-04-16 17:23:36,428 - INFO - app.py - welcome - 54 - Login Page Loaded
2022-04-16 17:23:36,430 - INFO - app.py - welcome - 92 - test1111111
2022-04-16 17:23:39,589 - INFO - app.py - welcome - 54 - Login Page Loaded
2022-04-16 17:23:39,593 - INFO - app.py - welcome - 89 - Login Page Reload Start
2022-04-16 17:23:39,593 - INFO - app.py - welcome - 92 - test1111111
2022-04-16 17:23:43,372 - INFO - app.py - welcome - 54 - Login Page Loaded
2022-04-16 17:23:43,374 - INFO - app.py - welcome - 74 - Main Page Open Start
2022-04-16 17:23:43,389 - INFO - app.py - main_page - 125 - Main Page Loaded
2022-04-16 17:24:54,975 - INFO - app.py - welcome - 54 - Login Page Loaded
2022-04-16 17:24:54,976 - INFO - app.py - welcome - 92 - test1111111
2022-04-16 17:28:25,872 - INFO - app.py - welcome - 54 - Login Page Loaded
2022-04-16 17:28:25,873 - INFO - app.py - welcome - 92 - test1111111
2022-04-16 17:28:36,890 - INFO - app.py - welcome - 54 - Login Page Loaded
2022-04-16 17:28:36,892 - INFO - app.py - welcome - 74 - Main Page Open Start
2022-04-16 17:28:36,900 - INFO - app.py - main_page - 125 - Main Page Loaded
2022-04-16 17:29:18,350 - INFO - app.py - welcome - 54 - Login Page Loaded
2022-04-16 17:29:18,350 - INFO - app.py - welcome - 92 - test1111111
2022-04-16 17:29:19,291 - INFO - app.py - welcome - 54 - Login Page Loaded
2022-04-16 17:29:19,292 - INFO - app.py - welcome - 92 - test1111111
2022-04-19 15:40:06,314 - INFO - app.py - welcome - 54 - Login Page Loaded
2022-04-19 15:40:06,316 - INFO - app.py - welcome - 92 - test1111111
2022-04-19 15:40:10,525 - INFO - app.py - welcome - 54 - Login Page Loaded
2022-04-19 15:40:10,557 - INFO - app.py - welcome - 74 - Main Page Open Start
2022-04-19 15:40:10,575 - INFO - app.py - main_page - 125 - Main Page Loaded
2022-04-19 15:45:56,535 - INFO - app.py - main_page - 125 - Main Page Loaded
2022-04-19 15:48:58,987 - INFO - app.py - main_page - 125 - Main Page Loaded
2022-04-19 15:50:37,290 - INFO - app.py - main_page - 125 - Main Page Loaded
2022-04-19 16:08:35,751 - INFO - app.py - main_page - 125 - Main Page Loaded
2022-04-19 16:12:55,520 - INFO - app.py - main_page - 125 - Main Page Loaded
2022-04-19 16:15:57,433 - INFO - app.py - main_page - 125 - Main Page Loaded
2022-04-19 16:17:41,333 - INFO - app.py - main_page - 125 - Main Page Loaded
2022-04-19 16:19:47,229 - INFO - app.py - welcome - 54 - Login Page Loaded
2022-04-19 16:19:47,231 - INFO - app.py - welcome - 92 - test1111111
2022-04-19 16:19:50,241 - INFO - app.py - main_page - 125 - Main Page Loaded
2022-04-19 16:21:33,928 - INFO - app.py - welcome - 54 - Login Page Loaded
2022-04-19 16:21:33,929 - INFO - app.py - welcome - 92 - test1111111
2022-04-19 16:21:37,556 - INFO - app.py - welcome - 54 - Login Page Loaded
2022-04-19 16:21:37,578 - INFO - app.py - welcome - 74 - Main Page Open Start
2022-04-19 16:21:37,587 - INFO - app.py - main_page - 125 - Main Page Loaded
2022-04-19 16:23:09,298 - INFO - app.py - welcome - 54 - Login Page Loaded
2022-04-19 16:23:09,299 - INFO - app.py - welcome - 92 - test1111111
2022-04-19 16:23:27,382 - INFO - app.py - main_page - 125 - Main Page Loaded
2022-04-19 16:23:33,319 - INFO - app.py - main_page - 125 - Main Page Loaded
2022-04-19 16:23:41,279 - INFO - app.py - main_page - 125 - Main Page Loaded
2022-04-19 16:27:17,578 - INFO - app.py - welcome - 54 - Login Page Loaded
2022-04-19 16:27:17,579 - INFO - app.py - welcome - 92 - test1111111
2022-04-19 16:28:49,169 - INFO - app.py - welcome - 54 - Login Page Loaded
2022-04-19 16:28:49,169 - INFO - app.py - welcome - 92 - test1111111
2022-04-19 16:30:47,338 - INFO - app.py - welcome - 54 - Login Page Loaded
2022-04-19 16:30:47,339 - INFO - app.py - welcome - 92 - test1111111
2022-04-19 16:32:43,555 - INFO - app.py - welcome - 54 - Login Page Loaded
2022-04-19 16:32:43,556 - INFO - app.py - welcome - 92 - test1111111
2022-04-19 16:33:16,100 - INFO - app.py - welcome - 54 - Login Page Loaded
2022-04-19 16:33:16,101 - INFO - app.py - welcome - 92 - test1111111
2022-04-19 16:33:54,912 - INFO - app.py - welcome - 54 - Login Page Loaded
2022-04-19 16:33:54,913 - INFO - app.py - welcome - 92 - test1111111
2022-04-19 16:34:08,004 - INFO - app.py - welcome - 54 - Login Page Loaded
2022-04-19 16:34:08,004 - INFO - app.py - welcome - 92 - test1111111
2022-04-19 16:34:43,402 - INFO - app.py - welcome - 54 - Login Page Loaded
2022-04-19 16:34:43,402 - INFO - app.py - welcome - 92 - test1111111
2022-04-19 16:35:07,689 - INFO - app.py - welcome - 54 - Login Page Loaded
2022-04-19 16:35:07,689 - INFO - app.py - welcome - 92 - test1111111
2022-04-19 16:38:51,776 - INFO - app.py - welcome - 54 - Login Page Loaded
2022-04-19 16:38:51,778 - INFO - app.py - welcome - 92 - test1111111
2022-04-19 16:39:43,748 - INFO - app.py - welcome - 54 - Login Page Loaded
2022-04-19 16:39:43,749 - INFO - app.py - welcome - 92 - test1111111
2022-04-19 16:39:46,615 - INFO - app.py - welcome - 54 - Login Page Loaded
2022-04-19 16:39:46,616 - INFO - app.py - welcome - 92 - test1111111
2022-04-19 16:39:54,411 - INFO - app.py - welcome - 54 - Login Page Loaded
2022-04-19 16:39:54,413 - INFO - app.py - welcome - 92 - test1111111
2022-04-19 16:39:55,455 - INFO - app.py - welcome - 54 - Login Page Loaded
2022-04-19 16:39:55,458 - INFO - app.py - welcome - 92 - test1111111
2022-04-19 16:42:10,840 - INFO - app.py - welcome - 54 - Login Page Loaded
2022-04-19 16:42:10,841 - INFO - app.py - welcome - 92 - test1111111
2022-04-19 16:44:25,514 - INFO - app.py - welcome - 54 - Login Page Loaded
2022-04-19 16:44:25,514 - INFO - app.py - welcome - 92 - test1111111
2022-04-19 16:44:28,321 - INFO - app.py - welcome - 54 - Login Page Loaded
2022-04-19 16:44:28,323 - INFO - app.py - welcome - 92 - test1111111
2022-04-19 16:45:25,730 - INFO - app.py - welcome - 54 - Login Page Loaded
2022-04-19 16:45:25,732 - INFO - app.py - welcome - 92 - test1111111
2022-04-19 16:45:28,043 - INFO - app.py - welcome - 54 - Login Page Loaded
2022-04-19 16:45:28,045 - INFO - app.py - welcome - 74 - Main Page Open Start
2022-04-19 16:45:28,055 - INFO - app.py - main_page - 125 - Main Page Loaded
2022-04-19 16:45:59,456 - INFO - app.py - welcome - 54 - Login Page Loaded
2022-04-19 16:45:59,456 - INFO - app.py - welcome - 92 - test1111111
2022-04-19 16:46:01,719 - INFO - app.py - welcome - 54 - Login Page Loaded
2022-04-19 16:46:01,720 - INFO - app.py - welcome - 74 - Main Page Open Start
2022-04-19 16:46:01,728 - INFO - app.py - main_page - 125 - Main Page Loaded
2022-04-19 17:11:56,290 - INFO - app.py - welcome - 54 - Login Page Loaded
2022-04-19 17:11:56,290 - INFO - app.py - welcome - 92 - test1111111
2022-04-19 17:11:57,750 - INFO - app.py - welcome - 54 - Login Page Loaded
2022-04-19 17:11:57,751 - INFO - app.py - welcome - 92 - test1111111
2022-04-19 17:12:00,138 - INFO - app.py - welcome - 54 - Login Page Loaded
2022-04-19 17:12:00,140 - INFO - app.py - welcome - 74 - Main Page Open Start
2022-04-19 17:12:00,149 - INFO - app.py - main_page - 125 - Main Page Loaded
